Archive member included to satisfy reference by file (symbol)

c:/ac6/systemworkbench/plugins/fr.ac6.mcu.externaltools.arm-none.win32_1.15.0.201708311556/tools/compiler/bin/../lib/gcc/arm-none-eabi/6.3.1/../../../../arm-none-eabi/lib/thumb/v7-m\libm.a(lib_a-s_floor.o)
                              Src/main.o (floor)
c:/ac6/systemworkbench/plugins/fr.ac6.mcu.externaltools.arm-none.win32_1.15.0.201708311556/tools/compiler/bin/../lib/gcc/arm-none-eabi/6.3.1/thumb/v7-m\libgcc.a(_arm_addsubdf3.o)
                              c:/ac6/systemworkbench/plugins/fr.ac6.mcu.externaltools.arm-none.win32_1.15.0.201708311556/tools/compiler/bin/../lib/gcc/arm-none-eabi/6.3.1/../../../../arm-none-eabi/lib/thumb/v7-m\libm.a(lib_a-s_floor.o) (__aeabi_dadd)
c:/ac6/systemworkbench/plugins/fr.ac6.mcu.externaltools.arm-none.win32_1.15.0.201708311556/tools/compiler/bin/../lib/gcc/arm-none-eabi/6.3.1/thumb/v7-m\libgcc.a(_arm_muldivdf3.o)
                              Src/ssd1306_tests.o (__aeabi_ddiv)
c:/ac6/systemworkbench/plugins/fr.ac6.mcu.externaltools.arm-none.win32_1.15.0.201708311556/tools/compiler/bin/../lib/gcc/arm-none-eabi/6.3.1/thumb/v7-m\libgcc.a(_arm_cmpdf2.o)
                              c:/ac6/systemworkbench/plugins/fr.ac6.mcu.externaltools.arm-none.win32_1.15.0.201708311556/tools/compiler/bin/../lib/gcc/arm-none-eabi/6.3.1/../../../../arm-none-eabi/lib/thumb/v7-m\libm.a(lib_a-s_floor.o) (__aeabi_dcmpgt)
c:/ac6/systemworkbench/plugins/fr.ac6.mcu.externaltools.arm-none.win32_1.15.0.201708311556/tools/compiler/bin/../lib/gcc/arm-none-eabi/6.3.1/thumb/v7-m\libgcc.a(_arm_fixdfsi.o)
                              Src/ssd1306_tests.o (__aeabi_d2iz)
c:/ac6/systemworkbench/plugins/fr.ac6.mcu.externaltools.arm-none.win32_1.15.0.201708311556/tools/compiler/bin/../lib/gcc/arm-none-eabi/6.3.1/thumb/v7-m\libgcc.a(_arm_fixunsdfsi.o)
                              Src/main.o (__aeabi_d2uiz)
c:/ac6/systemworkbench/plugins/fr.ac6.mcu.externaltools.arm-none.win32_1.15.0.201708311556/tools/compiler/bin/../lib/gcc/arm-none-eabi/6.3.1/thumb/v7-m\libgcc.a(_arm_addsubsf3.o)
                              Src/ds18b20.o (__aeabi_fadd)
c:/ac6/systemworkbench/plugins/fr.ac6.mcu.externaltools.arm-none.win32_1.15.0.201708311556/tools/compiler/bin/../lib/gcc/arm-none-eabi/6.3.1/thumb/v7-m\libgcc.a(_arm_muldivsf3.o)
                              Src/ds18b20.o (__aeabi_fmul)
c:/ac6/systemworkbench/plugins/fr.ac6.mcu.externaltools.arm-none.win32_1.15.0.201708311556/tools/compiler/bin/../lib/gcc/arm-none-eabi/6.3.1/thumb/v7-m\libgcc.a(_arm_cmpsf2.o)
                              Src/main.o (__aeabi_fcmpeq)
c:/ac6/systemworkbench/plugins/fr.ac6.mcu.externaltools.arm-none.win32_1.15.0.201708311556/tools/compiler/bin/../lib/gcc/arm-none-eabi/6.3.1/thumb/v7-m\libgcc.a(_arm_fixunssfsi.o)
                              Src/main.o (__aeabi_f2uiz)
c:/ac6/systemworkbench/plugins/fr.ac6.mcu.externaltools.arm-none.win32_1.15.0.201708311556/tools/compiler/bin/../lib/gcc/arm-none-eabi/6.3.1/../../../../arm-none-eabi/lib/thumb/v7-m\libc_nano.a(lib_a-errno.o)
                              Src/syscalls.o (__errno)
c:/ac6/systemworkbench/plugins/fr.ac6.mcu.externaltools.arm-none.win32_1.15.0.201708311556/tools/compiler/bin/../lib/gcc/arm-none-eabi/6.3.1/../../../../arm-none-eabi/lib/thumb/v7-m\libc_nano.a(lib_a-exit.o)
                              c:/ac6/systemworkbench/plugins/fr.ac6.mcu.externaltools.arm-none.win32_1.15.0.201708311556/tools/compiler/bin/../lib/gcc/arm-none-eabi/6.3.1/../../../../arm-none-eabi/lib/thumb/v7-m/crt0.o (exit)
c:/ac6/systemworkbench/plugins/fr.ac6.mcu.externaltools.arm-none.win32_1.15.0.201708311556/tools/compiler/bin/../lib/gcc/arm-none-eabi/6.3.1/../../../../arm-none-eabi/lib/thumb/v7-m\libc_nano.a(lib_a-impure.o)
                              c:/ac6/systemworkbench/plugins/fr.ac6.mcu.externaltools.arm-none.win32_1.15.0.201708311556/tools/compiler/bin/../lib/gcc/arm-none-eabi/6.3.1/../../../../arm-none-eabi/lib/thumb/v7-m\libc_nano.a(lib_a-exit.o) (_global_impure_ptr)
c:/ac6/systemworkbench/plugins/fr.ac6.mcu.externaltools.arm-none.win32_1.15.0.201708311556/tools/compiler/bin/../lib/gcc/arm-none-eabi/6.3.1/../../../../arm-none-eabi/lib/thumb/v7-m\libc_nano.a(lib_a-init.o)
                              c:/ac6/systemworkbench/plugins/fr.ac6.mcu.externaltools.arm-none.win32_1.15.0.201708311556/tools/compiler/bin/../lib/gcc/arm-none-eabi/6.3.1/../../../../arm-none-eabi/lib/thumb/v7-m/crt0.o (__libc_init_array)
c:/ac6/systemworkbench/plugins/fr.ac6.mcu.externaltools.arm-none.win32_1.15.0.201708311556/tools/compiler/bin/../lib/gcc/arm-none-eabi/6.3.1/../../../../arm-none-eabi/lib/thumb/v7-m\libc_nano.a(lib_a-memmove.o)
                              Src/ssd1306_tests.o (memmove)
c:/ac6/systemworkbench/plugins/fr.ac6.mcu.externaltools.arm-none.win32_1.15.0.201708311556/tools/compiler/bin/../lib/gcc/arm-none-eabi/6.3.1/../../../../arm-none-eabi/lib/thumb/v7-m\libc_nano.a(lib_a-memset.o)
[...]
Memory Configuration

Name             Origin             Length             Attributes
RAM              0x20000000         0x00005000         xrw
FLASH            0x08000000         0x00020000         xr
*default*        0x00000000         0xffffffff

Linker script and memory map

LOAD c:/ac6/systemworkbench/plugins/fr.ac6.mcu.externaltools.arm-none.win32_1.15.0.201708311556/tools/compiler/bin/../lib/gcc/arm-none-eabi/6.3.1/thumb/v7-m/crti.o
LOAD c:/ac6/systemworkbench/plugins/fr.ac6.mcu.externaltools.arm-none.win32_1.15.0.201708311556/tools/compiler/bin/../lib/gcc/arm-none-eabi/6.3.1/thumb/v7-m/crtbegin.o
LOAD c:/ac6/systemworkbench/plugins/fr.ac6.mcu.externaltools.arm-none.win32_1.15.0.201708311556/tools/compiler/bin/../lib/gcc/arm-none-eabi/6.3.1/../../../../arm-none-eabi/lib/thumb/v7-m/crt0.o
LOAD Drivers/STM32F1xx_HAL_Driver/Src/stm32f1xx_hal.o
LOAD Drivers/STM32F1xx_HAL_Driver/Src/stm32f1xx_hal_cortex.o
LOAD Drivers/STM32F1xx_HAL_Driver/Src/stm32f1xx_hal_crc.o
LOAD Drivers/STM32F1xx_HAL_Driver/Src/stm32f1xx_hal_dma.o
LOAD Drivers/STM32F1xx_HAL_Driver/Src/stm32f1xx_hal_exti.o
LOAD Drivers/STM32F1xx_HAL_Driver/Src/stm32f1xx_hal_flash.o
LOAD Drivers/STM32F1xx_HAL_Driver/Src/stm32f1xx_hal_flash_ex.o
LOAD Drivers/STM32F1xx_HAL_Driver/Src/stm32f1xx_hal_gpio.o
LOAD Drivers/STM32F1xx_HAL_Driver/Src/stm32f1xx_hal_gpio_ex.o
LOAD Drivers/STM32F1xx_HAL_Driver/Src/stm32f1xx_hal_pwr.o
LOAD Drivers/STM32F1xx_HAL_Driver/Src/stm32f1xx_hal_rcc.o
LOAD Drivers/STM32F1xx_HAL_Driver/Src/stm32f1xx_hal_rcc_ex.o
LOAD Drivers/STM32F1xx_HAL_Driver/Src/stm32f1xx_hal_rtc.o
LOAD Drivers/STM32F1xx_HAL_Driver/Src/stm32f1xx_hal_rtc_ex.o
LOAD Drivers/STM32F1xx_HAL_Driver/Src/stm32f1xx_hal_spi.o
LOAD Drivers/STM32F1xx_HAL_Driver/Src/stm32f1xx_hal_tim.o
LOAD Drivers/STM32F1xx_HAL_Driver/Src/stm32f1xx_hal_tim_ex.o
LOAD Src/FlashPROM.o
LOAD Src/ds18b20.o
LOAD Src/main.o
LOAD Src/ssd1306.o
LOAD Src/ssd1306_fonts.o
LOAD Src/ssd1306_tests.o
LOAD Src/stm32f1xx_hal_msp.o
LOAD Src/stm32f1xx_it.o
LOAD Src/syscalls.o
LOAD Src/system_stm32f1xx.o
LOAD startup/startup_stm32f103xb.o
LOAD c:/ac6/systemworkbench/plugins/fr.ac6.mcu.externaltools.arm-none.win32_1.15.0.201708311556/tools/compiler/bin/../lib/gcc/arm-none-eabi/6.3.1/../../../../arm-none-eabi/lib/thumb/v7-m\libm.a
START GROUP
LOAD c:/ac6/systemworkbench/plugins/fr.ac6.mcu.externaltools.arm-none.win32_1.15.0.201708311556/tools/compiler/bin/../lib/gcc/arm-none-eabi/6.3.1/thumb/v7-m\libgcc.a
LOAD c:/ac6/systemworkbench/plugins/fr.ac6.mcu.externaltools.arm-none.win32_1.15.0.201708311556/tools/compiler/bin/../lib/gcc/arm-none-eabi/6.3.1/../../../../arm-none-eabi/lib/thumb/v7-m\libc_nano.a
END GROUP
START GROUP
LOAD c:/ac6/systemworkbench/plugins/fr.ac6.mcu.externaltools.arm-none.win32_1.15.0.201708311556/tools/compiler/bin/../lib/gcc/arm-none-eabi/6.3.1/thumb/v7-m\libgcc.a
LOAD c:/ac6/systemworkbench/plugins/fr.ac6.mcu.externaltools.arm-none.win32_1.15.0.201708311556/tools/compiler/bin/../lib/gcc/arm-none-eabi/6.3.1/../../../../arm-none-eabi/lib/thumb/v7-m\libc_nano.a
LOAD c:/ac6/systemworkbench/plugins/fr.ac6.mcu.externaltools.arm-none.win32_1.15.0.201708311556/tools/compiler/bin/../lib/gcc/arm-none-eabi/6.3.1/../../../../arm-none-eabi/lib/thumb/v7-m\libnosys.a
END GROUP
START GROUP
LOAD c:/ac6/systemworkbench/plugins/fr.ac6.mcu.externaltools.arm-none.win32_1.15.0.201708311556/tools/compiler/bin/../lib/gcc/arm-none-eabi/6.3.1/thumb/v7-m\libgcc.a
LOAD c:/ac6/systemworkbench/plugins/fr.ac6.mcu.externaltools.arm-none.win32_1.15.0.201708311556/tools/compiler/bin/../lib/gcc/arm-none-eabi/6.3.1/../../../../arm-none-eabi/lib/thumb/v7-m\libc_nano.a
LOAD c:/ac6/systemworkbench/plugins/fr.ac6.mcu.externaltools.arm-none.win32_1.15.0.201708311556/tools/compiler/bin/../lib/gcc/arm-none-eabi/6.3.1/../../../../arm-none-eabi/lib/thumb/v7-m\libnosys.a
END GROUP
LOAD c:/ac6/systemworkbench/plugins/fr.ac6.mcu.externaltools.arm-none.win32_1.15.0.201708311556/tools/compiler/bin/../lib/gcc/arm-none-eabi/6.3.1/thumb/v7-m/crtend.o
LOAD c:/ac6/systemworkbench/plugins/fr.ac6.mcu.externaltools.arm-none.win32_1.15.0.201708311556/tools/compiler/bin/../lib/gcc/arm-none-eabi/6.3.1/thumb/v7-m/crtn.o
                0x20005000                _estack = 0x20005000
                0x00000200                _Min_Heap_Size = 0x200
                0x00000400                _Min_Stack_Size = 0x400

.isr_vector     0x08000000      0x10c
                0x08000000                . = ALIGN (0x4)
 *(.isr_vector)
 .isr_vector    0x08000000      0x10c startup/startup_stm32f103xb.o
                0x08000000                g_pfnVectors
                0x0800010c                . = ALIGN (0x4)

.text           0x08000110     0x4f7c
                0x08000110                . = ALIGN (0x4)
 *(.text)
 .text          0x08000110       0x6c c:/ac6/systemworkbench/plugins/fr.ac6.mcu.externaltools.arm-none.win32_1.15.0.201708311556/tools/compiler/bin/../lib/gcc/arm-none-eabi/6.3.1/thumb/v7-m/crtbegin.o
 .text          0x0800017c      0x370 c:/ac6/systemworkbench/plugins/fr.ac6.mcu.externaltools.arm-none.win32_1.15.0.201708311556/tools/compiler/bin/../lib/gcc/arm-none-eabi/6.3.1/thumb/v7-m\libgcc.a(_arm_addsubdf3.o)
                0x0800017c                __aeabi_drsub
                0x08000184                __aeabi_dsub
                0x08000184                __subdf3
                0x08000188                __aeabi_dadd
                0x08000188                __adddf3
                0x08000400                __floatunsidf
                0x08000400                __aeabi_ui2d
                0x08000420                __floatsidf
                0x08000420                __aeabi_i2d
                0x08000444                __aeabi_f2d
                0x08000444                __extendsfdf2
                0x08000480                __floatundidf
                0x08000480                __aeabi_ul2d
                0x08000490                __floatdidf
                0x08000490                __aeabi_l2d
 .text          0x080004ec      0x110 c:/ac6/systemworkbench/plugins/fr.ac6.mcu.externaltools.arm-none.win32_1.15.0.201708311556/tools/compiler/bin/../lib/gcc/arm-none-eabi/6.3.1/thumb/v7-m\libgcc.a(_arm_cmpdf2.o)
                0x080004ec                __gtdf2
                0x080004ec                __gedf2
                0x080004f4                __ltdf2
                0x080004f4                __ledf2
                0x080004fc                __nedf2
                0x080004fc                __eqdf2
                0x080004fc                __cmpdf2
                0x08000578                __aeabi_cdrcmple
                0x08000588                __aeabi_cdcmpeq
                0x08000588                __aeabi_cdcmple
                0x08000598                __aeabi_dcmpeq
                0x080005ac                __aeabi_dcmplt
                0x080005c0                __aeabi_dcmple
                0x080005d4                __aeabi_dcmpge
                0x080005e8                __aeabi_dcmpgt
 .text          0x080005fc       0x40 c:/ac6/systemworkbench/plugins/fr.ac6.mcu.externaltools.arm-none.win32_1.15.0.201708311556/tools/compiler/bin/../lib/gcc/arm-none-eabi/6.3.1/thumb/v7-m\libgcc.a(_arm_fixunsdfsi.o)
                0x080005fc                __aeabi_d2uiz
                0x080005fc                __fixunsdfsi
 .text          0x0800063c      0x21c c:/ac6/systemworkbench/plugins/fr.ac6.mcu.externaltools.arm-none.win32_1.15.0.201708311556/tools/compiler/bin/../lib/gcc/arm-none-eabi/6.3.1/thumb/v7-m\libgcc.a(_arm_addsubsf3.o)
                0x0800063c                __aeabi_frsub
                0x08000644                __subsf3
                0x08000644                __aeabi_fsub
                0x08000648                __aeabi_fadd
                0x08000648                __addsf3
                0x080007a8                __aeabi_ui2f
                0x080007a8                __floatunsisf
                0x080007b0                __aeabi_i2f
                0x080007b0                __floatsisf
                0x080007cc                __aeabi_ul2f
                0x080007cc                __floatundisf
                0x080007dc                __aeabi_l2f
                0x080007dc                __floatdisf
 .text          0x08000858      0x2a0 c:/ac6/systemworkbench/plugins/fr.ac6.mcu.externaltools.arm-none.win32_1.15.0.201708311556/tools/compiler/bin/../lib/gcc/arm-none-eabi/6.3.1/thumb/v7-m\libgcc.a(_arm_muldivsf3.o)
                0x08000858                __mulsf3
                0x08000858                __aeabi_fmul
                0x080009c0                __aeabi_fdiv
                0x080009c0                __divsf3
 .text          0x08000af8       0xec c:/ac6/systemworkbench/plugins/fr.ac6.mcu.externaltools.arm-none.win32_1.15.0.201708311556/tools/compiler/bin/../lib/gcc/arm-none-eabi/6.3.1/thumb/v7-m\libgcc.a(_arm_cmpsf2.o)
                0x08000af8                __gesf2
                0x08000af8                __gtsf2
                0x08000b00                __lesf2
                0x08000b00                __ltsf2
                0x08000b08                __nesf2
                0x08000b08                __eqsf2
                0x08000b08                __cmpsf2
                0x08000b68                __aeabi_cfrcmple
                0x08000b70                __aeabi_cfcmpeq
                0x08000b70                __aeabi_cfcmple
                0x08000b80                __aeabi_fcmpeq
                0x08000b94                __aeabi_fcmplt
                0x08000ba8                __aeabi_fcmple
                0x08000bbc                __aeabi_fcmpge
                0x08000bd0                __aeabi_fcmpgt
 .text          0x08000be4       0x40 c:/ac6/systemworkbench/plugins/fr.ac6.mcu.externaltools.arm-none.win32_1.15.0.201708311556/tools/compiler/bin/../lib/gcc/arm-none-eabi/6.3.1/thumb/v7-m\libgcc.a(_arm_fixunssfsi.o)
                0x08000be4                __fixunssfsi
                0x08000be4                __aeabi_f2uiz
 *(.text*)
 .text.HAL_InitTick
                0x08000c24       0x48 Drivers/STM32F1xx_HAL_Driver/Src/stm32f1xx_hal.o
                0x08000c24                HAL_InitTick
 .text.HAL_Init
                0x08000c6c       0x24 Drivers/STM32F1xx_HAL_Driver/Src/stm32f1xx_hal.o
                0x08000c6c                HAL_Init
 .text.HAL_IncTick
                0x08000c90       0x18 Drivers/STM32F1xx_HAL_Driver/Src/stm32f1xx_hal.o
                0x08000c90                HAL_IncTick
 .text.HAL_GetTick
                0x08000ca8        0xc Drivers/STM32F1xx_HAL_Driver/Src/stm32f1xx_hal.o
                0x08000ca8                HAL_GetTick
 .text.HAL_Delay
                0x08000cb4       0x28 Drivers/STM32F1xx_HAL_Driver/Src/stm32f1xx_hal.o
                0x08000cb4                HAL_Delay
 .text.HAL_NVIC_SetPriorityGrouping
                0x08000cdc       0x24 Drivers/STM32F1xx_HAL_Driver/Src/stm32f1xx_hal_cortex.o
                0x08000cdc                HAL_NVIC_SetPriorityGrouping
 .text.HAL_NVIC_SetPriority
                0x08000d00       0x64 Drivers/STM32F1xx_HAL_Driver/Src/stm32f1xx_hal_cortex.o
                0x08000d00                HAL_NVIC_SetPriority
 .text.HAL_SYSTICK_Config
                0x08000d64       0x2c Drivers/STM32F1xx_HAL_Driver/Src/stm32f1xx_hal_cortex.o
                0x08000d64                HAL_SYSTICK_Config
 .text.HAL_CRC_Init
                0x08000d90       0x1e Drivers/STM32F1xx_HAL_Driver/Src/stm32f1xx_hal_crc.o
                0x08000d90                HAL_CRC_Init
 .text.HAL_CRC_Calculate
                0x08000dae       0x30 Drivers/STM32F1xx_HAL_Driver/Src/stm32f1xx_hal_crc.o
                0x08000dae                HAL_CRC_Calculate
 *fill*         0x08000dde        0x2 
 .text.FLASH_Program_HalfWord
                0x08000de0       0x1c Drivers/STM32F1xx_HAL_Driver/Src/stm32f1xx_hal_flash.o
 .text.FLASH_SetErrorCode
                0x08000dfc       0x74 Drivers/STM32F1xx_HAL_Driver/Src/stm32f1xx_hal_flash.o
 .text.HAL_FLASH_Unlock
                0x08000e70       0x34 Drivers/STM32F1xx_HAL_Driver/Src/stm32f1xx_hal_flash.o
                0x08000e70                HAL_FLASH_Unlock
 .text.HAL_FLASH_Lock
                0x08000ea4       0x14 Drivers/STM32F1xx_HAL_Driver/Src/stm32f1xx_hal_flash.o
                0x08000ea4                HAL_FLASH_Lock
 .text.HAL_FLASH_GetError
                0x08000eb8        0xc Drivers/STM32F1xx_HAL_Driver/Src/stm32f1xx_hal_flash.o
                0x08000eb8                HAL_FLASH_GetError
 .text.FLASH_WaitForLastOperation
                0x08000ec4       0x6c Drivers/STM32F1xx_HAL_Driver/Src/stm32f1xx_hal_flash.o
                0x08000ec4                FLASH_WaitForLastOperation
 .text.HAL_FLASH_Program
                0x08000f30       0x9c Drivers/STM32F1xx_HAL_Driver/Src/stm32f1xx_hal_flash.o
                0x08000f30                HAL_FLASH_Program
 .text.FLASH_MassErase
                0x08000fcc       0x24 Drivers/STM32F1xx_HAL_Driver/Src/stm32f1xx_hal_flash_ex.o
 .text.FLASH_PageErase
                0x08000ff0       0x24 Drivers/STM32F1xx_HAL_Driver/Src/stm32f1xx_hal_flash_ex.o
                0x08000ff0                FLASH_PageErase
 .text.HAL_FLASHEx_Erase
                0x08001014       0xa4 Drivers/STM32F1xx_HAL_Driver/Src/stm32f1xx_hal_flash_ex.o
                0x08001014                HAL_FLASHEx_Erase
 .text.HAL_GPIO_Init
                0x080010b8      0x1f0 Drivers/STM32F1xx_HAL_Driver/Src/stm32f1xx_hal_gpio.o
                0x080010b8                HAL_GPIO_Init
 .text.HAL_GPIO_DeInit
                0x080012a8       0xf4 Drivers/STM32F1xx_HAL_Driver/Src/stm32f1xx_hal_gpio.o
                0x080012a8                HAL_GPIO_DeInit
 .text.HAL_GPIO_ReadPin
                0x0800139c        0xe Drivers/STM32F1xx_HAL_Driver/Src/stm32f1xx_hal_gpio.o
                0x0800139c                HAL_GPIO_ReadPin
 .text.HAL_GPIO_WritePin
                0x080013aa        0xc Drivers/STM32F1xx_HAL_Driver/Src/stm32f1xx_hal_gpio.o
                0x080013aa                HAL_GPIO_WritePin
 *fill*         0x080013b6        0x2 
 .text.HAL_PWR_EnableBkUpAccess
                0x080013b8        0xc Drivers/STM32F1xx_HAL_Driver/Src/stm32f1xx_hal_pwr.o
                0x080013b8                HAL_PWR_EnableBkUpAccess
 .text.RCC_Delay
                0x080013c4       0x2c Drivers/STM32F1xx_HAL_Driver/Src/stm32f1xx_hal_rcc.o
 .text.HAL_RCC_OscConfig
                0x080013f0      0x410 Drivers/STM32F1xx_HAL_Driver/Src/stm32f1xx_hal_rcc.o
                0x080013f0                HAL_RCC_OscConfig
 .text.HAL_RCC_GetSysClockFreq
                0x08001800       0x6c Drivers/STM32F1xx_HAL_Driver/Src/stm32f1xx_hal_rcc.o
                0x08001800                HAL_RCC_GetSysClockFreq
 .text.HAL_RCC_ClockConfig
                0x0800186c      0x168 Drivers/STM32F1xx_HAL_Driver/Src/stm32f1xx_hal_rcc.o
                0x0800186c                HAL_RCC_ClockConfig
 .text.HAL_RCC_GetHCLKFreq
                0x080019d4        0xc Drivers/STM32F1xx_HAL_Driver/Src/stm32f1xx_hal_rcc.o
                0x080019d4                HAL_RCC_GetHCLKFreq
 .text.HAL_RCC_GetPCLK2Freq
                0x080019e0       0x20 Drivers/STM32F1xx_HAL_Driver/Src/stm32f1xx_hal_rcc.o
                0x080019e0                HAL_RCC_GetPCLK2Freq
 .text.HAL_RCCEx_PeriphCLKConfig
                0x08001a00      0x114 Drivers/STM32F1xx_HAL_Driver/Src/stm32f1xx_hal_rcc_ex.o
                0x08001a00                HAL_RCCEx_PeriphCLKConfig
 .text.HAL_RCCEx_GetPeriphCLKFreq
                0x08001b14       0xfc Drivers/STM32F1xx_HAL_Driver/Src/stm32f1xx_hal_rcc_ex.o
                0x08001b14                HAL_RCCEx_GetPeriphCLKFreq
 .text.RTC_ReadTimeCounter
                0x08001c10       0x26 Drivers/STM32F1xx_HAL_Driver/Src/stm32f1xx_hal_rtc.o
 .text.RTC_ReadAlarmCounter
                0x08001c36        0xe Drivers/STM32F1xx_HAL_Driver/Src/stm32f1xx_hal_rtc.o
 .text.RTC_ByteToBcd2
                0x08001c44       0x16 Drivers/STM32F1xx_HAL_Driver/Src/stm32f1xx_hal_rtc.o
 .text.RTC_Bcd2ToByte
                0x08001c5a       0x12 Drivers/STM32F1xx_HAL_Driver/Src/stm32f1xx_hal_rtc.o
 .text.RTC_IsLeapYear
                0x08001c6c       0x40 Drivers/STM32F1xx_HAL_Driver/Src/stm32f1xx_hal_rtc.o
 .text.RTC_WeekDayNum
                0x08001cac       0x9c Drivers/STM32F1xx_HAL_Driver/Src/stm32f1xx_hal_rtc.o
 .text.RTC_DateUpdate
                0x08001d48       0xba Drivers/STM32F1xx_HAL_Driver/Src/stm32f1xx_hal_rtc.o
 .text.RTC_EnterInitMode
                0x08001e02       0x30 Drivers/STM32F1xx_HAL_Driver/Src/stm32f1xx_hal_rtc.o
 .text.RTC_ExitInitMode
                0x08001e32       0x32 Drivers/STM32F1xx_HAL_Driver/Src/stm32f1xx_hal_rtc.o
 .text.RTC_WriteTimeCounter
                0x08001e64       0x2e Drivers/STM32F1xx_HAL_Driver/Src/stm32f1xx_hal_rtc.o
 .text.RTC_WriteAlarmCounter
                0x08001e92       0x2e Drivers/STM32F1xx_HAL_Driver/Src/stm32f1xx_hal_rtc.o
 .text.HAL_RTC_SetTime
                0x08001ec0       0xc2 Drivers/STM32F1xx_HAL_Driver/Src/stm32f1xx_hal_rtc.o
                0x08001ec0                HAL_RTC_SetTime
 *fill*         0x08001f82        0x2 
 .text.HAL_RTC_GetTime
                0x08001f84      0x124 Drivers/STM32F1xx_HAL_Driver/Src/stm32f1xx_hal_rtc.o
                0x08001f84                HAL_RTC_GetTime
 .text.HAL_RTC_WaitForSynchro
                0x080020a8       0x38 Drivers/STM32F1xx_HAL_Driver/Src/stm32f1xx_hal_rtc.o
                0x080020a8                HAL_RTC_WaitForSynchro
 .text.HAL_RTC_Init
                0x080020e0       0xc4 Drivers/STM32F1xx_HAL_Driver/Src/stm32f1xx_hal_rtc.o
                0x080020e0                HAL_RTC_Init
 .text.SPI_WaitFlagStateUntilTimeout
                0x080021a4       0x90 Drivers/STM32F1xx_HAL_Driver/Src/stm32f1xx_hal_spi.o
 .text.SPI_EndRxTxTransaction
                0x08002234       0x26 Drivers/STM32F1xx_HAL_Driver/Src/stm32f1xx_hal_spi.o
 .text.HAL_SPI_Init
                0x0800225a       0x7c Drivers/STM32F1xx_HAL_Driver/Src/stm32f1xx_hal_spi.o
                0x0800225a                HAL_SPI_Init
 .text.HAL_SPI_Transmit
                0x080022d6      0x1a0 Drivers/STM32F1xx_HAL_Driver/Src/stm32f1xx_hal_spi.o
                0x080022d6                HAL_SPI_Transmit
 *fill*         0x08002476        0x2 
 .text.erase_flash
                0x08002478       0x5c Src/FlashPROM.o
                0x08002478                erase_flash
 .text.flash_search_adress
                0x080024d4       0x3c Src/FlashPROM.o
                0x080024d4                flash_search_adress
 .text.read_last_data_in_flash
                0x08002510       0x2c Src/FlashPROM.o
                0x08002510                read_last_data_in_flash
 .text.write_to_flash
                0x0800253c       0xf0 Src/FlashPROM.o
                0x0800253c                write_to_flash
 .text.port_init
                0x0800262c       0x2c Src/ds18b20.o
                0x0800262c                port_init
 .text.ds18b20_Reset
                0x08002658       0x70 Src/ds18b20.o
                0x08002658                ds18b20_Reset
 .text.ds18b20_ReadBit
                0x080026c8       0x64 Src/ds18b20.o
                0x080026c8                ds18b20_ReadBit
 .text.ds18b20_ReadByte
                0x0800272c       0x1e Src/ds18b20.o
                0x0800272c                ds18b20_ReadByte
 *fill*         0x0800274a        0x2 
 .text.ds18b20_WriteBit
                0x0800274c       0x64 Src/ds18b20.o
                0x0800274c                ds18b20_WriteBit
 .text.ds18b20_WriteByte
                0x080027b0       0x40 Src/ds18b20.o
                0x080027b0                ds18b20_WriteByte
 .text.ds18b20_init
                0x080027f0       0x36 Src/ds18b20.o
                0x080027f0                ds18b20_init
 .text.ds18b20_MeasureTemperCmd
                0x08002826       0x1a Src/ds18b20.o
                0x08002826                ds18b20_MeasureTemperCmd
 .text.ds18b20_ReadStratcpad
                0x08002840       0x2e Src/ds18b20.o
                0x08002840                ds18b20_ReadStratcpad
 .text.ds18b20_GetSign
                0x0800286e        0xe Src/ds18b20.o
                0x0800286e                ds18b20_GetSign
 .text.ds18b20_Convert
                0x0800287c       0x28 Src/ds18b20.o
                0x0800287c                ds18b20_Convert
 .text.MX_GPIO_Init
                0x080028a4       0xf0 Src/main.o
 .text.MX_SPI1_Init
                0x08002994       0x38 Src/main.o
 .text.MX_RTC_Init
                0x080029cc       0x24 Src/main.o
 .text.MX_CRC_Init
                0x080029f0       0x18 Src/main.o
 .text.MX_RTC_Init2
                0x08002a08       0x50 Src/main.o
 .text.LedVisionwrite
                0x08002a58       0x3c Src/main.o
                0x08002a58                LedVisionwrite
 .text.needNowsave
                0x08002a94       0x24 Src/main.o
                0x08002a94                needNowsave
 .text.getTemperature
                0x08002ab8       0x3a Src/main.o
                0x08002ab8                getTemperature
 .text.getNewstartprogramm
                0x08002af2       0x36 Src/main.o
                0x08002af2                getNewstartprogramm
 .text.update_LCD
                0x08002b28       0x68 Src/main.o
                0x08002b28                update_LCD
 .text.press_Button
                0x08002b90       0x94 Src/main.o
                0x08002b90                press_Button
 .text.nextLevel
                0x08002c24      0x150 Src/main.o
                0x08002c24                nextLevel
 .text.getNewflagforpoliv
                0x08002d74       0xa8 Src/main.o
                0x08002d74                getNewflagforpoliv
 .text.Poliv    0x08002e1c       0x2c Src/main.o
                0x08002e1c                Poliv
 .text.LEDmi    0x08002e48       0x2c Src/main.o
                0x08002e48                LEDmi
 .text.autoRegim
                0x08002e74      0x3f0 Src/main.o
                0x08002e74                autoRegim
 .text.action_Valve
                0x08003264       0xdc Src/main.o
                0x08003264                action_Valve
 .text.action_Valvetotime
                0x08003340      0x190 Src/main.o
                0x08003340                action_Valvetotime
 .text.setHoursmethod
                0x080034d0      0x190 Src/main.o
                0x080034d0                setHoursmethod
 .text.setMinutsmethod
                0x08003660      0x190 Src/main.o
                0x08003660                setMinutsmethod
 .text.setHolod2311
                0x080037f0      0x190 Src/main.o
                0x080037f0                setHolod2311
 .text.soberiMenu23233
                0x08003980      0x134 Src/main.o
                0x08003980                soberiMenu23233
 .text.soberiMenu23232
                0x08003ab4       0x24 Src/main.o
                0x08003ab4                soberiMenu23232
 .text.soberiMenu23231
                0x08003ad8       0x24 Src/main.o
                0x08003ad8                soberiMenu23231
 .text.soberiMenu2323
                0x08003afc       0x24 Src/main.o
                0x08003afc                soberiMenu2323
 .text.soberiMenu2320
                0x08003b20       0x24 Src/main.o
                0x08003b20                soberiMenu2320
 .text.soberiMenu231
                0x08003b44       0x24 Src/main.o
                0x08003b44                soberiMenu231
 .text.soberiMenu221
                0x08003b68       0x24 Src/main.o
                0x08003b68                soberiMenu221
 .text.soberiMenu211
                0x08003b8c       0x24 Src/main.o
                0x08003b8c                soberiMenu211
 .text.soberiMenu20
                0x08003bb0       0x24 Src/main.o
                0x08003bb0                soberiMenu20
 .text.migni    0x08003bd4       0x40 Src/main.o
                0x08003bd4                migni
 .text.SystemClock_Config
                0x08003c14       0x5e Src/main.o
                0x08003c14                SystemClock_Config
 *fill*         0x08003c72        0x2 
 .text.main     0x08003c74      0x4a0 Src/main.o
                0x08003c74                main
 .text.ssd1306_Reset
                0x08004114       0x40 Src/ssd1306.o
                0x08004114                ssd1306_Reset
 .text.ssd1306_WriteCommand
                0x08004154       0x4c Src/ssd1306.o
                0x08004154                ssd1306_WriteCommand
 .text.ssd1306_WriteData
                0x080041a0       0x44 Src/ssd1306.o
                0x080041a0                ssd1306_WriteData
 .text.ssd1306_Fill
                0x080041e4       0x20 Src/ssd1306.o
                0x080041e4                ssd1306_Fill
 .text.ssd1306_UpdateScreen
                0x08004204       0x38 Src/ssd1306.o
                0x08004204                ssd1306_UpdateScreen
 .text.ssd1306_Init
                0x0800423c       0xd8 Src/ssd1306.o
                0x0800423c                ssd1306_Init
 .text.ssd1306_DrawPixel
                0x08004314       0x54 Src/ssd1306.o
                0x08004314                ssd1306_DrawPixel
 .text.ssd1306_WriteChar
                0x08004368       0xc4 Src/ssd1306.o
                0x08004368                ssd1306_WriteChar
 .text.ssd1306_WriteString
                0x0800442c       0x30 Src/ssd1306.o
                0x0800442c                ssd1306_WriteString
 .text.ssd1306_SetCursor
                0x0800445c       0x10 Src/ssd1306.o
                0x0800445c                ssd1306_SetCursor
 .text.HAL_MspInit
                0x0800446c       0x44 Src/stm32f1xx_hal_msp.o
                0x0800446c                HAL_MspInit
 .text.HAL_CRC_MspInit
                0x080044b0       0x2c Src/stm32f1xx_hal_msp.o
                0x080044b0                HAL_CRC_MspInit
 .text.HAL_RTC_MspInit
                0x080044dc       0x40 Src/stm32f1xx_hal_msp.o
                0x080044dc                HAL_RTC_MspInit
 .text.HAL_SPI_MspInit
                0x0800451c       0x74 Src/stm32f1xx_hal_msp.o
                0x0800451c                HAL_SPI_MspInit
 .text.NMI_Handler
                0x08004590        0x2 Src/stm32f1xx_it.o
                0x08004590                NMI_Handler
 .text.HardFault_Handler
                0x08004592        0x2 Src/stm32f1xx_it.o
                0x08004592                HardFault_Handler
 .text.MemManage_Handler
                0x08004594        0x2 Src/stm32f1xx_it.o
                0x08004594                MemManage_Handler
 .text.BusFault_Handler
                0x08004596        0x2 Src/stm32f1xx_it.o
                0x08004596                BusFault_Handler
 .text.UsageFault_Handler
                0x08004598        0x2 Src/stm32f1xx_it.o
                0x08004598                UsageFault_Handler
 .text.SVC_Handler
                0x0800459a        0x2 Src/stm32f1xx_it.o
                0x0800459a                SVC_Handler
 .text.DebugMon_Handler
                0x0800459c        0x2 Src/stm32f1xx_it.o
                0x0800459c                DebugMon_Handler
 .text.PendSV_Handler
                0x0800459e        0x2 Src/stm32f1xx_it.o
                0x0800459e                PendSV_Handler
 .text.SysTick_Handler
                0x080045a0        0x8 Src/stm32f1xx_it.o
                0x080045a0                SysTick_Handler
 .text._sbrk    0x080045a8       0x3c Src/syscalls.o
                0x080045a8                _sbrk
 .text.SystemInit
                0x080045e4       0x4c Src/system_stm32f1xx.o
                0x080045e4                SystemInit
 .text.Reset_Handler
                0x08004630       0x48 startup/startup_stm32f103xb.o
                0x08004630                Reset_Handler
 .text.Default_Handler
                0x08004678        0x2 startup/startup_stm32f103xb.o
                0x08004678                RTC_Alarm_IRQHandler
                0x08004678                EXTI2_IRQHandler
                0x08004678                TIM1_CC_IRQHandler
                0x08004678                PVD_IRQHandler
                0x08004678                EXTI3_IRQHandler
                0x08004678                EXTI0_IRQHandler
                0x08004678                I2C2_EV_IRQHandler
                0x08004678                ADC1_2_IRQHandler
                0x08004678                SPI1_IRQHandler
                0x08004678                TAMPER_IRQHandler
                0x08004678                DMA1_Channel4_IRQHandler
                0x08004678                USART3_IRQHandler
                0x08004678                RTC_IRQHandler
                0x08004678                DMA1_Channel7_IRQHandler
                0x08004678                CAN1_RX1_IRQHandler
                0x08004678                TIM4_IRQHandler
                0x08004678                I2C1_EV_IRQHandler
                0x08004678                DMA1_Channel6_IRQHandler
                0x08004678                TIM3_IRQHandler
                0x08004678                RCC_IRQHandler
                0x08004678                TIM1_TRG_COM_IRQHandler
                0x08004678                DMA1_Channel1_IRQHandler
                0x08004678                Default_Handler
                0x08004678                EXTI15_10_IRQHandler
                0x08004678                EXTI9_5_IRQHandler
                0x08004678                SPI2_IRQHandler
                0x08004678                DMA1_Channel5_IRQHandler
                0x08004678                EXTI4_IRQHandler
                0x08004678                USB_LP_CAN1_RX0_IRQHandler
                0x08004678                USB_HP_CAN1_TX_IRQHandler
                0x08004678                DMA1_Channel3_IRQHandler
                0x08004678                TIM1_UP_IRQHandler
                0x08004678                WWDG_IRQHandler
                0x08004678                TIM2_IRQHandler
                0x08004678                TIM1_BRK_IRQHandler
                0x08004678                EXTI1_IRQHandler
                0x08004678                USART2_IRQHandler
                0x08004678                I2C2_ER_IRQHandler
                0x08004678                DMA1_Channel2_IRQHandler
                0x08004678                CAN1_SCE_IRQHandler
                0x08004678                FLASH_IRQHandler
                0x08004678                USART1_IRQHandler
                0x08004678                I2C1_ER_IRQHandler
                0x08004678                USBWakeUp_IRQHandler
 *fill*         0x0800467a        0x6 
 .text.floor    0x08004680      0x118 c:/ac6/systemworkbench/plugins/fr.ac6.mcu.externaltools.arm-none.win32_1.15.0.201708311556/tools/compiler/bin/../lib/gcc/arm-none-eabi/6.3.1/../../../../arm-none-eabi/lib/thumb/v7-m\libm.a(lib_a-s_floor.o)
                0x08004680                floor
 .text.__errno  0x08004798        0xc c:/ac6/systemworkbench/plugins/fr.ac6.mcu.externaltools.arm-none.win32_1.15.0.201708311556/tools/compiler/bin/../lib/gcc/arm-none-eabi/6.3.1/../../../../arm-none-eabi/lib/thumb/v7-m\libc_nano.a(lib_a-errno.o)
                0x08004798                __errno
 .text.__libc_init_array
                0x080047a4       0x48 c:/ac6/systemworkbench/plugins/fr.ac6.mcu.externaltools.arm-none.win32_1.15.0.201708311556/tools/compiler/bin/../lib/gcc/arm-none-eabi/6.3.1/../../../../arm-none-eabi/lib/thumb/v7-m\libc_nano.a(lib_a-init.o)
                0x080047a4                __libc_init_array
 .text.memmove  0x080047ec       0x34 c:/ac6/systemworkbench/plugins/fr.ac6.mcu.externaltools.arm-none.win32_1.15.0.201708311556/tools/compiler/bin/../lib/gcc/arm-none-eabi/6.3.1/../../../../arm-none-eabi/lib/thumb/v7-m\libc_nano.a(lib_a-memmove.o)
                0x080047ec                memmove
 .text.memset   0x08004820       0x10 c:/ac6/systemworkbench/plugins/fr.ac6.mcu.externaltools.arm-none.win32_1.15.0.201708311556/tools/compiler/bin/../lib/gcc/arm-none-eabi/6.3.1/../../../../arm-none-eabi/lib/thumb/v7-m\libc_nano.a(lib_a-memset.o)
                0x08004820                memset
 .text.snprintf
                0x08004830       0x68 c:/ac6/systemworkbench/plugins/fr.ac6.mcu.externaltools.arm-none.win32_1.15.0.201708311556/tools/compiler/bin/../lib/gcc/arm-none-eabi/6.3.1/../../../../arm-none-eabi/lib/thumb/v7-m\libc_nano.a(lib_a-snprintf.o)
                0x08004830                sniprintf
                0x08004830                snprintf
 .text.__ssputs_r
                0x08004898       0xb6 c:/ac6/systemworkbench/plugins/fr.ac6.mcu.externaltools.arm-none.win32_1.15.0.201708311556/tools/compiler/bin/../lib/gcc/arm-none-eabi/6.3.1/../../../../arm-none-eabi/lib/thumb/v7-m\libc_nano.a(lib_a-nano-svfprintf.o)
                0x08004898                __ssputs_r
 *fill*         0x0800494e        0x2 
 .text._svfprintf_r
                0x08004950      0x1e8 c:/ac6/systemworkbench/plugins/fr.ac6.mcu.externaltools.arm-none.win32_1.15.0.201708311556/tools/compiler/bin/../lib/gcc/arm-none-eabi/6.3.1/../../../../arm-none-eabi/lib/thumb/v7-m\libc_nano.a(lib_a-nano-svfprintf.o)
                0x08004950                _svfiprintf_r
                0x08004950                _svfprintf_r
 .text._printf_common
                0x08004b38       0xee c:/ac6/systemworkbench/plugins/fr.ac6.mcu.externaltools.arm-none.win32_1.15.0.201708311556/tools/compiler/bin/../lib/gcc/arm-none-eabi/6.3.1/../../../../arm-none-eabi/lib/thumb/v7-m\libc_nano.a(lib_a-nano-vfprintf_i.o)
                0x08004b38                _printf_common
 *fill*         0x08004c26        0x2 
 .text._printf_i
                0x08004c28      0x240 c:/ac6/systemworkbench/plugins/fr.ac6.mcu.externaltools.arm-none.win32_1.15.0.201708311556/tools/compiler/bin/../lib/gcc/arm-none-eabi/6.3.1/../../../../arm-none-eabi/lib/thumb/v7-m\libc_nano.a(lib_a-nano-vfprintf_i.o)
                0x08004c28                _printf_i
 .text.memchr   0x08004e68       0x1c c:/ac6/systemworkbench/plugins/fr.ac6.mcu.externaltools.arm-none.win32_1.15.0.201708311556/tools/compiler/bin/../lib/gcc/arm-none-eabi/6.3.1/../../../../arm-none-eabi/lib/thumb/v7-m\libc_nano.a(lib_a-memchr-stub.o)
                0x08004e68                memchr
 .text.memcpy   0x08004e84       0x16 c:/ac6/systemworkbench/plugins/fr.ac6.mcu.externaltools.arm-none.win32_1.15.0.201708311556/tools/compiler/bin/../lib/gcc/arm-none-eabi/6.3.1/../../../../arm-none-eabi/lib/thumb/v7-m\libc_nano.a(lib_a-memcpy-stub.o)
                0x08004e84                memcpy
 *fill*         0x08004e9a        0x2 
 .text._free_r  0x08004e9c       0x98 c:/ac6/systemworkbench/plugins/fr.ac6.mcu.externaltools.arm-none.win32_1.15.0.201708311556/tools/compiler/bin/../lib/gcc/arm-none-eabi/6.3.1/../../../../arm-none-eabi/lib/thumb/v7-m\libc_nano.a(lib_a-nano-freer.o)
                0x08004e9c                _free_r
 .text._malloc_r
                0x08004f34       0xbc c:/ac6/systemworkbench/plugins/fr.ac6.mcu.externaltools.arm-none.win32_1.15.0.201708311556/tools/compiler/bin/../lib/gcc/arm-none-eabi/6.3.1/../../../../arm-none-eabi/lib/thumb/v7-m\libc_nano.a(lib_a-nano-mallocr.o)
                0x08004f34                _malloc_r
 .text._realloc_r
                0x08004ff0       0x4c c:/ac6/systemworkbench/plugins/fr.ac6.mcu.externaltools.arm-none.win32_1.15.0.201708311556/tools/compiler/bin/../lib/gcc/arm-none-eabi/6.3.1/../../../../arm-none-eabi/lib/thumb/v7-m\libc_nano.a(lib_a-nano-reallocr.o)
                0x08004ff0                _realloc_r
 .text._sbrk_r  0x0800503c       0x20 c:/ac6/systemworkbench/plugins/fr.ac6.mcu.externaltools.arm-none.win32_1.15.0.201708311556/tools/compiler/bin/../lib/gcc/arm-none-eabi/6.3.1/../../../../arm-none-eabi/lib/thumb/v7-m\libc_nano.a(lib_a-sbrkr.o)
                0x0800503c                _sbrk_r
 .text.__malloc_lock
                0x0800505c        0x2 c:/ac6/systemworkbench/plugins/fr.ac6.mcu.externaltools.arm-none.win32_1.15.0.201708311556/tools/compiler/bin/../lib/gcc/arm-none-eabi/6.3.1/../../../../arm-none-eabi/lib/thumb/v7-m\libc_nano.a(lib_a-mlock.o)
                0x0800505c                __malloc_lock
 .text.__malloc_unlock
                0x0800505e        0x2 c:/ac6/systemworkbench/plugins/fr.ac6.mcu.externaltools.arm-none.win32_1.15.0.201708311556/tools/compiler/bin/../lib/gcc/arm-none-eabi/6.3.1/../../../../arm-none-eabi/lib/thumb/v7-m\libc_nano.a(lib_a-mlock.o)
                0x0800505e                __malloc_unlock
 .text._malloc_usable_size_r
                0x08005060       0x12 c:/ac6/systemworkbench/plugins/fr.ac6.mcu.externaltools.arm-none.win32_1.15.0.201708311556/tools/compiler/bin/../lib/gcc/arm-none-eabi/6.3.1/../../../../arm-none-eabi/lib/thumb/v7-m\libc_nano.a(lib_a-nano-msizer.o)
                0x08005060                _malloc_usable_size_r
 *(.glue_7)
 .glue_7        0x08005072        0x0 linker stubs
 *(.glue_7t)
 .glue_7t       0x08005072        0x0 linker stubs
 *(.eh_frame)
 *fill*         0x08005072        0x2 
 .eh_frame      0x08005074        0x0 c:/ac6/systemworkbench/plugins/fr.ac6.mcu.externaltools.arm-none.win32_1.15.0.201708311556/tools/compiler/bin/../lib/gcc/arm-none-eabi/6.3.1/thumb/v7-m/crtbegin.o
 *(.init)
 .init          0x08005074        0x4 c:/ac6/systemworkbench/plugins/fr.ac6.mcu.externaltools.arm-none.win32_1.15.0.201708311556/tools/compiler/bin/../lib/gcc/arm-none-eabi/6.3.1/thumb/v7-m/crti.o
                0x08005074                _init
 .init          0x08005078        0x8 c:/ac6/systemworkbench/plugins/fr.ac6.mcu.externaltools.arm-none.win32_1.15.0.201708311556/tools/compiler/bin/../lib/gcc/arm-none-eabi/6.3.1/thumb/v7-m/crtn.o
 *(.fini)
 .fini          0x08005080        0x4 c:/ac6/systemworkbench/plugins/fr.ac6.mcu.externaltools.arm-none.win32_1.15.0.201708311556/tools/compiler/bin/../lib/gcc/arm-none-eabi/6.3.1/thumb/v7-m/crti.o
                0x08005080                _fini
 .fini          0x08005084        0x8 c:/ac6/systemworkbench/plugins/fr.ac6.mcu.externaltools.arm-none.win32_1.15.0.201708311556/tools/compiler/bin/../lib/gcc/arm-none-eabi/6.3.1/thumb/v7-m/crtn.o
                0x0800508c                . = ALIGN (0x4)
                0x0800508c                _etext = .

.vfp11_veneer   0x0800508c        0x0
 .vfp11_veneer  0x0800508c        0x0 linker stubs

.v4_bx          0x0800508c        0x0
 .v4_bx         0x0800508c        0x0 linker stubs

.iplt           0x0800508c        0x0
 .iplt          0x0800508c        0x0 c:/ac6/systemworkbench/plugins/fr.ac6.mcu.externaltools.arm-none.win32_1.15.0.201708311556/tools/compiler/bin/../lib/gcc/arm-none-eabi/6.3.1/thumb/v7-m/crtbegin.o

.rodata         0x0800508c     0x3158
                0x0800508c                . = ALIGN (0x4)
 *(.rodata)
 .rodata        0x0800508c       0x12 Drivers/STM32F1xx_HAL_Driver/Src/stm32f1xx_hal_rcc.o
 *fill*         0x0800509e        0x2 
 .rodata        0x080050a0       0x12 Drivers/STM32F1xx_HAL_Driver/Src/stm32f1xx_hal_rcc_ex.o
 *fill*         0x080050b2        0x2 
 .rodata        0x080050b4        0xa Src/main.o
 *fill*         0x080050be        0x2 
 .rodata        0x080050c0     0x2e04 Src/ssd1306_fonts.o
 .rodata        0x08007ec4       0x18 Src/system_stm32f1xx.o
                0x08007ec4                AHBPrescTable
                0x08007ed4                APBPrescTable
 *(.rodata*)
 .rodata.str1.4
                0x08007edc       0x15 Src/FlashPROM.o
 *fill*         0x08007ef1        0x3 
 .rodata.str1.4
                0x08007ef4      0x2bc Src/main.o
                                0x2c1 (size before relaxing)
 .rodata._svfprintf_r.str1.1
                0x080081b0       0x11 c:/ac6/systemworkbench/plugins/fr.ac6.mcu.externaltools.arm-none.win32_1.15.0.201708311556/tools/compiler/bin/../lib/gcc/arm-none-eabi/6.3.1/../../../../arm-none-eabi/lib/thumb/v7-m\libc_nano.a(lib_a-nano-svfprintf.o)
 .rodata._printf_i.str1.1
                0x080081c1       0x22 c:/ac6/systemworkbench/plugins/fr.ac6.mcu.externaltools.arm-none.win32_1.15.0.201708311556/tools/compiler/bin/../lib/gcc/arm-none-eabi/6.3.1/../../../../arm-none-eabi/lib/thumb/v7-m\libc_nano.a(lib_a-nano-vfprintf_i.o)
                0x080081e4                . = ALIGN (0x4)
 *fill*         0x080081e3        0x1 

.rel.dyn        0x080081e4        0x0
 .rel.iplt      0x080081e4        0x0 c:/ac6/systemworkbench/plugins/fr.ac6.mcu.externaltools.arm-none.win32_1.15.0.201708311556/tools/compiler/bin/../lib/gcc/arm-none-eabi/6.3.1/thumb/v7-m/crtbegin.o

.ARM.extab
 *(.ARM.extab* .gnu.linkonce.armextab.*)

.ARM            0x080081e4        0x0
                0x080081e4                __exidx_start = .
 *(.ARM.exidx*)
                0x080081e4                __exidx_end = .

.preinit_array  0x080081e4        0x0
                0x080081e4                PROVIDE (__preinit_array_start, .)
 *(.preinit_array*)
                0x080081e4                PROVIDE (__preinit_array_end, .)

.init_array     0x080081e4        0x4
                0x080081e4                PROVIDE (__init_array_start, .)
 *(SORT(.init_array.*))
 *(.init_array*)
 .init_array    0x080081e4        0x4 c:/ac6/systemworkbench/plugins/fr.ac6.mcu.externaltools.arm-none.win32_1.15.0.201708311556/tools/compiler/bin/../lib/gcc/arm-none-eabi/6.3.1/thumb/v7-m/crtbegin.o
                0x080081e8                PROVIDE (__init_array_end, .)

.fini_array     0x080081e8        0x4
                [!provide]                PROVIDE (__fini_array_start, .)
 *(SORT(.fini_array.*))
 *(.fini_array*)
 .fini_array    0x080081e8        0x4 c:/ac6/systemworkbench/plugins/fr.ac6.mcu.externaltools.arm-none.win32_1.15.0.201708311556/tools/compiler/bin/../lib/gcc/arm-none-eabi/6.3.1/thumb/v7-m/crtbegin.o
                [!provide]                PROVIDE (__fini_array_end, .)
                0x080081ec                _sidata = LOADADDR (.data)

.data           0x20000000       0x90 load address 0x080081ec
                0x20000000                . = ALIGN (0x4)
                0x20000000                _sdata = .
 *(.data)
 .data          0x20000000        0x8 Drivers/STM32F1xx_HAL_Driver/Src/stm32f1xx_hal.o
                0x20000000                uwTickFreq
                0x20000004                uwTickPrio
 .data          0x20000008       0x20 Src/ssd1306_fonts.o
                0x20000008                Font_16x26
                0x20000010                Font_11x18
                0x20000018                Font_7x10
                0x20000020                Font_6x8
 .data          0x20000028        0x4 Src/system_stm32f1xx.o
                0x20000028                SystemCoreClock
 *(.data*)
 .data._impure_ptr
                0x2000002c        0x4 c:/ac6/systemworkbench/plugins/fr.ac6.mcu.externaltools.arm-none.win32_1.15.0.201708311556/tools/compiler/bin/../lib/gcc/arm-none-eabi/6.3.1/../../../../arm-none-eabi/lib/thumb/v7-m\libc_nano.a(lib_a-impure.o)
                0x2000002c                _impure_ptr
 .data.impure_data
                0x20000030       0x60 c:/ac6/systemworkbench/plugins/fr.ac6.mcu.externaltools.arm-none.win32_1.15.0.201708311556/tools/compiler/bin/../lib/gcc/arm-none-eabi/6.3.1/../../../../arm-none-eabi/lib/thumb/v7-m\libc_nano.a(lib_a-impure.o)
                0x20000090                . = ALIGN (0x4)
                0x20000090                _edata = .

.jcr            0x20000090        0x0 load address 0x0800827c
 .jcr           0x20000090        0x0 c:/ac6/systemworkbench/plugins/fr.ac6.mcu.externaltools.arm-none.win32_1.15.0.201708311556/tools/compiler/bin/../lib/gcc/arm-none-eabi/6.3.1/thumb/v7-m/crtbegin.o

.igot.plt       0x20000090        0x0 load address 0x0800827c
 .igot.plt      0x20000090        0x0 c:/ac6/systemworkbench/plugins/fr.ac6.mcu.externaltools.arm-none.win32_1.15.0.201708311556/tools/compiler/bin/../lib/gcc/arm-none-eabi/6.3.1/thumb/v7-m/crtbegin.o
                0x20000090                . = ALIGN (0x4)

.bss            0x20000090      0x5ac load address 0x0800827c
                0x20000090                _sbss = .
                0x20000090                __bss_start__ = _sbss
 *(.bss)
 .bss           0x20000090       0x1c c:/ac6/systemworkbench/plugins/fr.ac6.mcu.externaltools.arm-none.win32_1.15.0.201708311556/tools/compiler/bin/../lib/gcc/arm-none-eabi/6.3.1/thumb/v7-m/crtbegin.o
 .bss           0x200000ac       0x10 Src/FlashPROM.o
 .bss           0x200000bc       0x90 Src/main.o
                0x200000bc                sTime
                0x200000c0                DateToUpdate
                0x200000c4                res_addr
                0x200000c8                trans_str
                0x20000108                data_str
                0x20000148                adcResult
 .bss           0x2000014c      0x406 Src/ssd1306.o
 *fill*         0x20000552        0x2 
 .bss           0x20000554        0x8 Src/syscalls.o
                0x20000558                __env
 *(.bss*)
 .bss.__malloc_free_list
                0x2000055c        0x4 c:/ac6/systemworkbench/plugins/fr.ac6.mcu.externaltools.arm-none.win32_1.15.0.201708311556/tools/compiler/bin/../lib/gcc/arm-none-eabi/6.3.1/../../../../arm-none-eabi/lib/thumb/v7-m\libc_nano.a(lib_a-nano-mallocr.o)
                0x2000055c                __malloc_free_list
 .bss.__malloc_sbrk_start
                0x20000560        0x4 c:/ac6/systemworkbench/plugins/fr.ac6.mcu.externaltools.arm-none.win32_1.15.0.201708311556/tools/compiler/bin/../lib/gcc/arm-none-eabi/6.3.1/../../../../arm-none-eabi/lib/thumb/v7-m\libc_nano.a(lib_a-nano-mallocr.o)
                0x20000560                __malloc_sbrk_start
 *(COMMON)
 COMMON         0x20000564        0x4 Drivers/STM32F1xx_HAL_Driver/Src/stm32f1xx_hal.o
                0x20000564                uwTick
 COMMON         0x20000568       0x20 Drivers/STM32F1xx_HAL_Driver/Src/stm32f1xx_hal_flash.o
                0x20000568                pFlash
 COMMON         0x20000588       0xb0 Src/main.o
                0x20000588                hcrc
                0x20000590                hrtc
                0x200005a4                str1
                0x200005e0                hspi1
 COMMON         0x20000638        0x4 c:/ac6/systemworkbench/plugins/fr.ac6.mcu.externaltools.arm-none.win32_1.15.0.201708311556/tools/compiler/bin/../lib/gcc/arm-none-eabi/6.3.1/../../../../arm-none-eabi/lib/thumb/v7-m\libc_nano.a(lib_a-reent.o)
                0x20000638                errno
                0x2000063c                . = ALIGN (0x4)
                0x2000063c                _ebss = .
                0x2000063c                __bss_end__ = _ebss

._user_heap_stack
                0x2000063c      0x604 load address 0x0800827c
                0x20000640                . = ALIGN (0x8)
 *fill*         0x2000063c        0x4 
                0x20000640                PROVIDE (end, .)
                [!provide]                PROVIDE (_end, .)
                0x20000840                . = (. + _Min_Heap_Size)
 *fill*         0x20000640      0x200 
                0x20000c40                . = (. + _Min_Stack_Size)
 *fill*         0x20000840      0x400 
                0x20000c40                . = ALIGN (0x8)

/DISCARD/
 libc.a(*)
 libm.a(*)
 libgcc.a(*)

.ARM.attributes
                0x00000000       0x29
 *(.ARM.attributes)
 .ARM.attributes
                0x00000000       0x1d c:/ac6/systemworkbench/plugins/fr.ac6.mcu.externaltools.arm-none.win32_1.15.0.201708311556/tools/compiler/bin/../lib/gcc/arm-none-eabi/6.3.1/thumb/v7-m/crti.o
 .ARM.attributes
                0x0000001d       0x2d c:/ac6/systemworkbench/plugins/fr.ac6.mcu.externaltools.arm-none.win32_1.15.0.201708311556/tools/compiler/bin/../lib/gcc/arm-none-eabi/6.3.1/thumb/v7-m/crtbegin.o
 .ARM.attributes
                0x0000004a       0x33 Drivers/STM32F1xx_HAL_Driver/Src/stm32f1xx_hal.o
 .ARM.attributes
                0x0000007d       0x33 Drivers/STM32F1xx_HAL_Driver/Src/stm32f1xx_hal_cortex.o
 .ARM.attributes
                0x000000b0       0x33 Drivers/STM32F1xx_HAL_Driver/Src/stm32f1xx_hal_crc.o
 .ARM.attributes
                0x000000e3       0x33 Drivers/STM32F1xx_HAL_Driver/Src/stm32f1xx_hal_flash.o
 .ARM.attributes
                0x00000116       0x33 Drivers/STM32F1xx_HAL_Driver/Src/stm32f1xx_hal_flash_ex.o
 .ARM.attributes
                0x00000149       0x33 Drivers/STM32F1xx_HAL_Driver/Src/stm32f1xx_hal_gpio.o
 .ARM.attributes
                0x0000017c       0x33 Drivers/STM32F1xx_HAL_Driver/Src/stm32f1xx_hal_pwr.o
 .ARM.attributes
                0x000001af       0x33 Drivers/STM32F1xx_HAL_Driver/Src/stm32f1xx_hal_rcc.o
 .ARM.attributes
                0x000001e2       0x33 Drivers/STM32F1xx_HAL_Driver/Src/stm32f1xx_hal_rcc_ex.o
 .ARM.attributes
                0x00000215       0x33 Drivers/STM32F1xx_HAL_Driver/Src/stm32f1xx_hal_rtc.o
 .ARM.attributes
                0x00000248       0x33 Drivers/STM32F1xx_HAL_Driver/Src/stm32f1xx_hal_spi.o
 .ARM.attributes
                0x0000027b       0x33 Src/FlashPROM.o
 .ARM.attributes
                0x000002ae       0x33 Src/ds18b20.o
 .ARM.attributes
                0x000002e1       0x33 Src/main.o
 .ARM.attributes
                0x00000314       0x33 Src/ssd1306.o
 .ARM.attributes
                0x00000347       0x33 Src/ssd1306_fonts.o
 .ARM.attributes
                0x0000037a       0x33 Src/stm32f1xx_hal_msp.o
 .ARM.attributes
                0x000003ad       0x33 Src/stm32f1xx_it.o
 .ARM.attributes
                0x000003e0       0x33 Src/syscalls.o
 .ARM.attributes
                0x00000413       0x33 Src/system_stm32f1xx.o
 .ARM.attributes
                0x00000446       0x21 startup/startup_stm32f103xb.o
 .ARM.attributes
                0x00000467       0x2d c:/ac6/systemworkbench/plugins/fr.ac6.mcu.externaltools.arm-none.win32_1.15.0.201708311556/tools/compiler/bin/../lib/gcc/arm-none-eabi/6.3.1/../../../../arm-none-eabi/lib/thumb/v7-m\libm.a(lib_a-s_floor.o)
 .ARM.attributes
                0x00000494       0x1d c:/ac6/systemworkbench/plugins/fr.ac6.mcu.externaltools.arm-none.win32_1.15.0.201708311556/tools/compiler/bin/../lib/gcc/arm-none-eabi/6.3.1/thumb/v7-m\libgcc.a(_arm_addsubdf3.o)
 .ARM.attributes
                0x000004b1       0x1d c:/ac6/systemworkbench/plugins/fr.ac6.mcu.externaltools.arm-none.win32_1.15.0.201708311556/tools/compiler/bin/../lib/gcc/arm-none-eabi/6.3.1/thumb/v7-m\libgcc.a(_arm_cmpdf2.o)
 .ARM.attributes
                0x000004ce       0x1d c:/ac6/systemworkbench/plugins/fr.ac6.mcu.externaltools.arm-none.win32_1.15.0.201708311556/tools/compiler/bin/../lib/gcc/arm-none-eabi/6.3.1/thumb/v7-m\libgcc.a(_arm_fixunsdfsi.o)
 .ARM.attributes
                0x000004eb       0x1d c:/ac6/systemworkbench/plugins/fr.ac6.mcu.externaltools.arm-none.win32_1.15.0.201708311556/tools/compiler/bin/../lib/gcc/arm-none-eabi/6.3.1/thumb/v7-m\libgcc.a(_arm_addsubsf3.o)
 .ARM.attributes
                0x00000508       0x1d c:/ac6/systemworkbench/plugins/fr.ac6.mcu.externaltools.arm-none.win32_1.15.0.201708311556/tools/compiler/bin/../lib/gcc/arm-none-eabi/6.3.1/thumb/v7-m\libgcc.a(_arm_muldivsf3.o)
 .ARM.attributes
                0x00000525       0x1d c:/ac6/systemworkbench/plugins/fr.ac6.mcu.externaltools.arm-none.win32_1.15.0.201708311556/tools/compiler/bin/../lib/gcc/arm-none-eabi/6.3.1/thumb/v7-m\libgcc.a(_arm_cmpsf2.o)
 .ARM.attributes
                0x00000542       0x1d c:/ac6/systemworkbench/plugins/fr.ac6.mcu.externaltools.arm-none.win32_1.15.0.201708311556/tools/compiler/bin/../lib/gcc/arm-none-eabi/6.3.1/thumb/v7-m\libgcc.a(_arm_fixunssfsi.o)
 .ARM.attributes
                0x0000055f       0x2d c:/ac6/systemworkbench/plugins/fr.ac6.mcu.externaltools.arm-none.win32_1.15.0.201708311556/tools/compiler/bin/../lib/gcc/arm-none-eabi/6.3.1/../../../../arm-none-eabi/lib/thumb/v7-m\libc_nano.a(lib_a-errno.o)
 .ARM.attributes
                0x0000058c       0x2d c:/ac6/systemworkbench/plugins/fr.ac6.mcu.externaltools.arm-none.win32_1.15.0.201708311556/tools/compiler/bin/../lib/gcc/arm-none-eabi/6.3.1/../../../../arm-none-eabi/lib/thumb/v7-m\libc_nano.a(lib_a-impure.o)
 .ARM.attributes
                0x000005b9       0x2d c:/ac6/systemworkbench/plugins/fr.ac6.mcu.externaltools.arm-none.win32_1.15.0.201708311556/tools/compiler/bin/../lib/gcc/arm-none-eabi/6.3.1/../../../../arm-none-eabi/lib/thumb/v7-m\libc_nano.a(lib_a-init.o)
 .ARM.attributes
                0x000005e6       0x2d c:/ac6/systemworkbench/plugins/fr.ac6.mcu.externaltools.arm-none.win32_1.15.0.201708311556/tools/compiler/bin/../lib/gcc/arm-none-eabi/6.3.1/../../../../arm-none-eabi/lib/thumb/v7-m\libc_nano.a(lib_a-memmove.o)
 .ARM.attributes
                0x00000613       0x2d c:/ac6/systemworkbench/plugins/fr.ac6.mcu.externaltools.arm-none.win32_1.15.0.201708311556/tools/compiler/bin/../lib/gcc/arm-none-eabi/6.3.1/../../../../arm-none-eabi/lib/thumb/v7-m\libc_nano.a(lib_a-memset.o)
 .ARM.attributes
                0x00000640       0x2d c:/ac6/systemworkbench/plugins/fr.ac6.mcu.externaltools.arm-none.win32_1.15.0.201708311556/tools/compiler/bin/../lib/gcc/arm-none-eabi/6.3.1/../../../../arm-none-eabi/lib/thumb/v7-m\libc_nano.a(lib_a-snprintf.o)
 .ARM.attributes
                0x0000066d       0x2d c:/ac6/systemworkbench/plugins/fr.ac6.mcu.externaltools.arm-none.win32_1.15.0.201708311556/tools/compiler/bin/../lib/gcc/arm-none-eabi/6.3.1/../../../../arm-none-eabi/lib/thumb/v7-m\libc_nano.a(lib_a-nano-svfprintf.o)
 .ARM.attributes
                0x0000069a       0x2d c:/ac6/systemworkbench/plugins/fr.ac6.mcu.externaltools.arm-none.win32_1.15.0.201708311556/tools/compiler/bin/../lib/gcc/arm-none-eabi/6.3.1/../../../../arm-none-eabi/lib/thumb/v7-m\libc_nano.a(lib_a-nano-vfprintf_i.o)
 .ARM.attributes
                0x000006c7       0x2d c:/ac6/systemworkbench/plugins/fr.ac6.mcu.externaltools.arm-none.win32_1.15.0.201708311556/tools/compiler/bin/../lib/gcc/arm-none-eabi/6.3.1/../../../../arm-none-eabi/lib/thumb/v7-m\libc_nano.a(lib_a-memchr-stub.o)
 .ARM.attributes
                0x000006f4       0x2d c:/ac6/systemworkbench/plugins/fr.ac6.mcu.externaltools.arm-none.win32_1.15.0.201708311556/tools/compiler/bin/../lib/gcc/arm-none-eabi/6.3.1/../../../../arm-none-eabi/lib/thumb/v7-m\libc_nano.a(lib_a-memcpy-stub.o)
 .ARM.attributes
                0x00000721       0x2d c:/ac6/systemworkbench/plugins/fr.ac6.mcu.externaltools.arm-none.win32_1.15.0.201708311556/tools/compiler/bin/../lib/gcc/arm-none-eabi/6.3.1/../../../../arm-none-eabi/lib/thumb/v7-m\libc_nano.a(lib_a-nano-freer.o)
 .ARM.attributes
                0x0000074e       0x2d c:/ac6/systemworkbench/plugins/fr.ac6.mcu.externaltools.arm-none.win32_1.15.0.201708311556/tools/compiler/bin/../lib/gcc/arm-none-eabi/6.3.1/../../../../arm-none-eabi/lib/thumb/v7-m\libc_nano.a(lib_a-nano-mallocr.o)
 .ARM.attributes
                0x0000077b       0x2d c:/ac6/systemworkbench/plugins/fr.ac6.mcu.externaltools.arm-none.win32_1.15.0.201708311556/tools/compiler/bin/../lib/gcc/arm-none-eabi/6.3.1/../../../../arm-none-eabi/lib/thumb/v7-m\libc_nano.a(lib_a-nano-reallocr.o)
 .ARM.attributes
                0x000007a8       0x2d c:/ac6/systemworkbench/plugins/fr.ac6.mcu.externaltools.arm-none.win32_1.15.0.201708311556/tools/compiler/bin/../lib/gcc/arm-none-eabi/6.3.1/../../../../arm-none-eabi/lib/thumb/v7-m\libc_nano.a(lib_a-sbrkr.o)
 .ARM.attributes
                0x000007d5       0x2d c:/ac6/systemworkbench/plugins/fr.ac6.mcu.externaltools.arm-none.win32_1.15.0.201708311556/tools/compiler/bin/../lib/gcc/arm-none-eabi/6.3.1/../../../../arm-none-eabi/lib/thumb/v7-m\libc_nano.a(lib_a-mlock.o)
 .ARM.attributes
                0x00000802       0x2d c:/ac6/systemworkbench/plugins/fr.ac6.mcu.externaltools.arm-none.win32_1.15.0.201708311556/tools/compiler/bin/../lib/gcc/arm-none-eabi/6.3.1/../../../../arm-none-eabi/lib/thumb/v7-m\libc_nano.a(lib_a-nano-msizer.o)
 .ARM.attributes
                0x0000082f       0x2d c:/ac6/systemworkbench/plugins/fr.ac6.mcu.externaltools.arm-none.win32_1.15.0.201708311556/tools/compiler/bin/../lib/gcc/arm-none-eabi/6.3.1/../../../../arm-none-eabi/lib/thumb/v7-m\libc_nano.a(lib_a-reent.o)
 .ARM.attributes
                0x0000085c       0x1d c:/ac6/systemworkbench/plugins/fr.ac6.mcu.externaltools.arm-none.win32_1.15.0.201708311556/tools/compiler/bin/../lib/gcc/arm-none-eabi/6.3.1/thumb/v7-m/crtn.o
OUTPUT(Maks_Kontroller.elf elf32-littlearm)

.debug_info     0x00000000    0x12e93
 .debug_info    0x00000000      0x7ad Drivers/STM32F1xx_HAL_Driver/Src/stm32f1xx_hal.o
 .debug_info    0x000007ad      0xcaf Drivers/STM32F1xx_HAL_Driver/Src/stm32f1xx_hal_cortex.o
 .debug_info    0x0000145c      0x460 Drivers/STM32F1xx_HAL_Driver/Src/stm32f1xx_hal_crc.o
 .debug_info    0x000018bc      0x6de Drivers/STM32F1xx_HAL_Driver/Src/stm32f1xx_hal_flash.o
 .debug_info    0x00001f9a      0xace Drivers/STM32F1xx_HAL_Driver/Src/stm32f1xx_hal_flash_ex.o
 .debug_info    0x00002a68      0x694 Drivers/STM32F1xx_HAL_Driver/Src/stm32f1xx_hal_gpio.o
 .debug_info    0x000030fc      0x6f8 Drivers/STM32F1xx_HAL_Driver/Src/stm32f1xx_hal_pwr.o
 .debug_info    0x000037f4      0x9e7 Drivers/STM32F1xx_HAL_Driver/Src/stm32f1xx_hal_rcc.o
 .debug_info    0x000041db      0x48f Drivers/STM32F1xx_HAL_Driver/Src/stm32f1xx_hal_rcc_ex.o
 .debug_info    0x0000466a     0x11c1 Drivers/STM32F1xx_HAL_Driver/Src/stm32f1xx_hal_rtc.o
 .debug_info    0x0000582b     0x1acf Drivers/STM32F1xx_HAL_Driver/Src/stm32f1xx_hal_spi.o
 .debug_info    0x000072fa     0x13ca Src/FlashPROM.o
 .debug_info    0x000086c4      0xe55 Src/ds18b20.o
 .debug_info    0x00009519     0x487c Src/main.o
 .debug_info    0x0000dd95     0x164e Src/ssd1306.o
 .debug_info    0x0000f3e3      0x1e4 Src/ssd1306_fonts.o
 .debug_info    0x0000f5c7     0x14ff Src/stm32f1xx_hal_msp.o
 .debug_info    0x00010ac6      0xf38 Src/stm32f1xx_it.o
 .debug_info    0x000119fe      0xfcf Src/syscalls.o
 .debug_info    0x000129cd      0x43b Src/system_stm32f1xx.o
 .debug_info    0x00012e08       0x8b startup/startup_stm32f103xb.o

.debug_abbrev   0x00000000     0x2d70
 .debug_abbrev  0x00000000      0x1fc Drivers/STM32F1xx_HAL_Driver/Src/stm32f1xx_hal.o
 .debug_abbrev  0x000001fc      0x301 Drivers/STM32F1xx_HAL_Driver/Src/stm32f1xx_hal_cortex.o
 .debug_abbrev  0x000004fd      0x1ce Drivers/STM32F1xx_HAL_Driver/Src/stm32f1xx_hal_crc.o
 .debug_abbrev  0x000006cb      0x231 Drivers/STM32F1xx_HAL_Driver/Src/stm32f1xx_hal_flash.o
 .debug_abbrev  0x000008fc      0x227 Drivers/STM32F1xx_HAL_Driver/Src/stm32f1xx_hal_flash_ex.o
 .debug_abbrev  0x00000b23      0x1dc Drivers/STM32F1xx_HAL_Driver/Src/stm32f1xx_hal_gpio.o
 .debug_abbrev  0x00000cff      0x1d6 Drivers/STM32F1xx_HAL_Driver/Src/stm32f1xx_hal_pwr.o
 .debug_abbrev  0x00000ed5      0x255 Drivers/STM32F1xx_HAL_Driver/Src/stm32f1xx_hal_rcc.o
 .debug_abbrev  0x0000112a      0x1c7 Drivers/STM32F1xx_HAL_Driver/Src/stm32f1xx_hal_rcc_ex.o
 .debug_abbrev  0x000012f1      0x1fc Drivers/STM32F1xx_HAL_Driver/Src/stm32f1xx_hal_rtc.o
 .debug_abbrev  0x000014ed      0x236 Drivers/STM32F1xx_HAL_Driver/Src/stm32f1xx_hal_spi.o
 .debug_abbrev  0x00001723      0x2d1 Src/FlashPROM.o
 .debug_abbrev  0x000019f4      0x2fd Src/ds18b20.o
 .debug_abbrev  0x00001cf1      0x470 Src/main.o
 .debug_abbrev  0x00002161      0x2cd Src/ssd1306.o
 .debug_abbrev  0x0000242e       0xb0 Src/ssd1306_fonts.o
 .debug_abbrev  0x000024de      0x26c Src/stm32f1xx_hal_msp.o
 .debug_abbrev  0x0000274a      0x20e Src/stm32f1xx_it.o
 .debug_abbrev  0x00002958      0x2d4 Src/syscalls.o
 .debug_abbrev  0x00002c2c      0x132 Src/system_stm32f1xx.o
 .debug_abbrev  0x00002d5e       0x12 startup/startup_stm32f103xb.o

.debug_loc      0x00000000     0x6bc5
 .debug_loc     0x00000000      0x104 Drivers/STM32F1xx_HAL_Driver/Src/stm32f1xx_hal.o
 .debug_loc     0x00000104      0x5f5 Drivers/STM32F1xx_HAL_Driver/Src/stm32f1xx_hal_cortex.o
 .debug_loc     0x000006f9      0x21b Drivers/STM32F1xx_HAL_Driver/Src/stm32f1xx_hal_crc.o
 .debug_loc     0x00000914      0x376 Drivers/STM32F1xx_HAL_Driver/Src/stm32f1xx_hal_flash.o
 .debug_loc     0x00000c8a      0x7ef Drivers/STM32F1xx_HAL_Driver/Src/stm32f1xx_hal_flash_ex.o
 .debug_loc     0x00001479      0x37c Drivers/STM32F1xx_HAL_Driver/Src/stm32f1xx_hal_gpio.o
 .debug_loc     0x000017f5       0xb5 Drivers/STM32F1xx_HAL_Driver/Src/stm32f1xx_hal_pwr.o
 .debug_loc     0x000018aa      0x47d Drivers/STM32F1xx_HAL_Driver/Src/stm32f1xx_hal_rcc.o
 .debug_loc     0x00001d27      0x2dc Drivers/STM32F1xx_HAL_Driver/Src/stm32f1xx_hal_rcc_ex.o
 .debug_loc     0x00002003     0x147a Drivers/STM32F1xx_HAL_Driver/Src/stm32f1xx_hal_rtc.o
 .debug_loc     0x0000347d     0x19ca Drivers/STM32F1xx_HAL_Driver/Src/stm32f1xx_hal_spi.o
 .debug_loc     0x00004e47      0x221 Src/FlashPROM.o
 .debug_loc     0x00005068      0x2e5 Src/ds18b20.o
 .debug_loc     0x0000534d     0x10ac Src/main.o
 .debug_loc     0x000063f9      0x2ab Src/ssd1306.o
 .debug_loc     0x000066a4       0x95 Src/stm32f1xx_hal_msp.o
 .debug_loc     0x00006739      0x3ad Src/syscalls.o
 .debug_loc     0x00006ae6       0xdf Src/system_stm32f1xx.o

.debug_aranges  0x00000000      0xb80
 .debug_aranges
                0x00000000       0xe0 Drivers/STM32F1xx_HAL_Driver/Src/stm32f1xx_hal.o
 .debug_aranges
                0x000000e0       0x90 Drivers/STM32F1xx_HAL_Driver/Src/stm32f1xx_hal_cortex.o
 .debug_aranges
                0x00000170       0x50 Drivers/STM32F1xx_HAL_Driver/Src/stm32f1xx_hal_crc.o
 .debug_aranges
                0x000001c0       0x88 Drivers/STM32F1xx_HAL_Driver/Src/stm32f1xx_hal_flash.o
 .debug_aranges
                0x00000248       0x98 Drivers/STM32F1xx_HAL_Driver/Src/stm32f1xx_hal_flash_ex.o
 .debug_aranges
                0x000002e0       0x58 Drivers/STM32F1xx_HAL_Driver/Src/stm32f1xx_hal_gpio.o
 .debug_aranges
                0x00000338       0xa8 Drivers/STM32F1xx_HAL_Driver/Src/stm32f1xx_hal_pwr.o
 .debug_aranges
                0x000003e0       0x90 Drivers/STM32F1xx_HAL_Driver/Src/stm32f1xx_hal_rcc.o
 .debug_aranges
                0x00000470       0x30 Drivers/STM32F1xx_HAL_Driver/Src/stm32f1xx_hal_rcc_ex.o
 .debug_aranges
                0x000004a0       0xf8 Drivers/STM32F1xx_HAL_Driver/Src/stm32f1xx_hal_rtc.o
 .debug_aranges
                0x00000598      0x1d0 Drivers/STM32F1xx_HAL_Driver/Src/stm32f1xx_hal_spi.o
 .debug_aranges
                0x00000768       0x38 Src/FlashPROM.o
 .debug_aranges
                0x000007a0       0x70 Src/ds18b20.o
 .debug_aranges
                0x00000810      0x140 Src/main.o
 .debug_aranges
                0x00000950       0x68 Src/ssd1306.o
 .debug_aranges
                0x000009b8       0x18 Src/ssd1306_fonts.o
 .debug_aranges
                0x000009d0       0x50 Src/stm32f1xx_hal_msp.o
 .debug_aranges
                0x00000a20       0x60 Src/stm32f1xx_it.o
 .debug_aranges
                0x00000a80       0xb0 Src/syscalls.o
 .debug_aranges
                0x00000b30       0x28 Src/system_stm32f1xx.o
 .debug_aranges
                0x00000b58       0x28 startup/startup_stm32f103xb.o

.debug_ranges   0x00000000      0xaf8
 .debug_ranges  0x00000000       0xd0 Drivers/STM32F1xx_HAL_Driver/Src/stm32f1xx_hal.o
 .debug_ranges  0x000000d0       0xe0 Drivers/STM32F1xx_HAL_Driver/Src/stm32f1xx_hal_cortex.o
 .debug_ranges  0x000001b0       0x40 Drivers/STM32F1xx_HAL_Driver/Src/stm32f1xx_hal_crc.o
 .debug_ranges  0x000001f0       0x78 Drivers/STM32F1xx_HAL_Driver/Src/stm32f1xx_hal_flash.o
 .debug_ranges  0x00000268       0x88 Drivers/STM32F1xx_HAL_Driver/Src/stm32f1xx_hal_flash_ex.o
 .debug_ranges  0x000002f0       0x48 Drivers/STM32F1xx_HAL_Driver/Src/stm32f1xx_hal_gpio.o
 .debug_ranges  0x00000338       0x98 Drivers/STM32F1xx_HAL_Driver/Src/stm32f1xx_hal_pwr.o
 .debug_ranges  0x000003d0       0xa0 Drivers/STM32F1xx_HAL_Driver/Src/stm32f1xx_hal_rcc.o
 .debug_ranges  0x00000470       0x38 Drivers/STM32F1xx_HAL_Driver/Src/stm32f1xx_hal_rcc_ex.o
 .debug_ranges  0x000004a8       0xe8 Drivers/STM32F1xx_HAL_Driver/Src/stm32f1xx_hal_rtc.o
 .debug_ranges  0x00000590      0x1c0 Drivers/STM32F1xx_HAL_Driver/Src/stm32f1xx_hal_spi.o
 .debug_ranges  0x00000750       0x28 Src/FlashPROM.o
 .debug_ranges  0x00000778       0x78 Src/ds18b20.o
 .debug_ranges  0x000007f0      0x148 Src/main.o
 .debug_ranges  0x00000938       0x58 Src/ssd1306.o
 .debug_ranges  0x00000990       0x40 Src/stm32f1xx_hal_msp.o
 .debug_ranges  0x000009d0       0x50 Src/stm32f1xx_it.o
 .debug_ranges  0x00000a20       0xa0 Src/syscalls.o
 .debug_ranges  0x00000ac0       0x18 Src/system_stm32f1xx.o
 .debug_ranges  0x00000ad8       0x20 startup/startup_stm32f103xb.o

.debug_macro    0x00000000    0x159a0
 .debug_macro   0x00000000      0x1c7 Drivers/STM32F1xx_HAL_Driver/Src/stm32f1xx_hal.o
 .debug_macro   0x000001c7      0x8bc Drivers/STM32F1xx_HAL_Driver/Src/stm32f1xx_hal.o
 .debug_macro   0x00000a83      0x221 Drivers/STM32F1xx_HAL_Driver/Src/stm32f1xx_hal.o
 .debug_macro   0x00000ca4       0x2e Drivers/STM32F1xx_HAL_Driver/Src/stm32f1xx_hal.o
 .debug_macro   0x00000cd2       0x22 Drivers/STM32F1xx_HAL_Driver/Src/stm32f1xx_hal.o
 .debug_macro   0x00000cf4       0x22 Drivers/STM32F1xx_HAL_Driver/Src/stm32f1xx_hal.o
 .debug_macro   0x00000d16       0x87 Drivers/STM32F1xx_HAL_Driver/Src/stm32f1xx_hal.o
 .debug_macro   0x00000d9d       0x51 Drivers/STM32F1xx_HAL_Driver/Src/stm32f1xx_hal.o
 .debug_macro   0x00000dee       0xef Drivers/STM32F1xx_HAL_Driver/Src/stm32f1xx_hal.o
 .debug_macro   0x00000edd       0x6a Drivers/STM32F1xx_HAL_Driver/Src/stm32f1xx_hal.o
 .debug_macro   0x00000f47      0x1df Drivers/STM32F1xx_HAL_Driver/Src/stm32f1xx_hal.o
 .debug_macro   0x00001126       0x1c Drivers/STM32F1xx_HAL_Driver/Src/stm32f1xx_hal.o
 .debug_macro   0x00001142       0x22 Drivers/STM32F1xx_HAL_Driver/Src/stm32f1xx_hal.o
 .debug_macro   0x00001164       0xc3 Drivers/STM32F1xx_HAL_Driver/Src/stm32f1xx_hal.o
 .debug_macro   0x00001227      0xd23 Drivers/STM32F1xx_HAL_Driver/Src/stm32f1xx_hal.o
 .debug_macro   0x00001f4a     0xe09e Drivers/STM32F1xx_HAL_Driver/Src/stm32f1xx_hal.o
 .debug_macro   0x0000ffe8       0x43 Drivers/STM32F1xx_HAL_Driver/Src/stm32f1xx_hal.o
 .debug_macro   0x0001002b      0x174 Drivers/STM32F1xx_HAL_Driver/Src/stm32f1xx_hal.o
 .debug_macro   0x0001019f       0x4e Drivers/STM32F1xx_HAL_Driver/Src/stm32f1xx_hal.o
 .debug_macro   0x000101ed      0x5be Drivers/STM32F1xx_HAL_Driver/Src/stm32f1xx_hal.o
 .debug_macro   0x000107ab      0x289 Drivers/STM32F1xx_HAL_Driver/Src/stm32f1xx_hal.o
 .debug_macro   0x00010a34      0x1cb Drivers/STM32F1xx_HAL_Driver/Src/stm32f1xx_hal.o
 .debug_macro   0x00010bff      0x114 Drivers/STM32F1xx_HAL_Driver/Src/stm32f1xx_hal.o
 .debug_macro   0x00010d13      0x1b2 Drivers/STM32F1xx_HAL_Driver/Src/stm32f1xx_hal.o
 .debug_macro   0x00010ec5       0x27 Drivers/STM32F1xx_HAL_Driver/Src/stm32f1xx_hal.o
 .debug_macro   0x00010eec      0x136 Drivers/STM32F1xx_HAL_Driver/Src/stm32f1xx_hal.o
 .debug_macro   0x00011022      0x1bc Drivers/STM32F1xx_HAL_Driver/Src/stm32f1xx_hal.o
 .debug_macro   0x000111de       0x34 Drivers/STM32F1xx_HAL_Driver/Src/stm32f1xx_hal.o
 .debug_macro   0x00011212       0x3c Drivers/STM32F1xx_HAL_Driver/Src/stm32f1xx_hal.o
 .debug_macro   0x0001124e       0x57 Drivers/STM32F1xx_HAL_Driver/Src/stm32f1xx_hal.o
 .debug_macro   0x000112a5       0x22 Drivers/STM32F1xx_HAL_Driver/Src/stm32f1xx_hal.o
 .debug_macro   0x000112c7       0x88 Drivers/STM32F1xx_HAL_Driver/Src/stm32f1xx_hal.o
 .debug_macro   0x0001134f      0x241 Drivers/STM32F1xx_HAL_Driver/Src/stm32f1xx_hal.o
 .debug_macro   0x00011590      0x141 Drivers/STM32F1xx_HAL_Driver/Src/stm32f1xx_hal.o
 .debug_macro   0x000116d1      0x1ef Drivers/STM32F1xx_HAL_Driver/Src/stm32f1xx_hal.o
 .debug_macro   0x000118c0       0xec Drivers/STM32F1xx_HAL_Driver/Src/stm32f1xx_hal.o
 .debug_macro   0x000119ac      0x217 Drivers/STM32F1xx_HAL_Driver/Src/stm32f1xx_hal.o
 .debug_macro   0x00011bc3       0x83 Drivers/STM32F1xx_HAL_Driver/Src/stm32f1xx_hal.o
 .debug_macro   0x00011c46      0x1a3 Drivers/STM32F1xx_HAL_Driver/Src/stm32f1xx_hal_cortex.o
 .debug_macro   0x00011de9      0x1a3 Drivers/STM32F1xx_HAL_Driver/Src/stm32f1xx_hal_crc.o
 .debug_macro   0x00011f8c      0x1a3 Drivers/STM32F1xx_HAL_Driver/Src/stm32f1xx_hal_flash.o
 .debug_macro   0x0001212f      0x1b5 Drivers/STM32F1xx_HAL_Driver/Src/stm32f1xx_hal_flash_ex.o
 .debug_macro   0x000122e4      0x20e Drivers/STM32F1xx_HAL_Driver/Src/stm32f1xx_hal_gpio.o
 .debug_macro   0x000124f2      0x203 Drivers/STM32F1xx_HAL_Driver/Src/stm32f1xx_hal_pwr.o
 .debug_macro   0x000126f5      0x1b5 Drivers/STM32F1xx_HAL_Driver/Src/stm32f1xx_hal_rcc.o
 .debug_macro   0x000128aa      0x1a3 Drivers/STM32F1xx_HAL_Driver/Src/stm32f1xx_hal_rcc_ex.o
 .debug_macro   0x00012a4d      0x1b2 Drivers/STM32F1xx_HAL_Driver/Src/stm32f1xx_hal_rtc.o
 .debug_macro   0x00012bff      0x1ab Drivers/STM32F1xx_HAL_Driver/Src/stm32f1xx_hal_spi.o
 .debug_macro   0x00012daa      0x398 Src/FlashPROM.o
 .debug_macro   0x00013142       0x10 Src/FlashPROM.o
 .debug_macro   0x00013152       0x58 Src/FlashPROM.o
 .debug_macro   0x000131aa       0x35 Src/FlashPROM.o
 .debug_macro   0x000131df       0x9c Src/FlashPROM.o
 .debug_macro   0x0001327b       0x46 Src/FlashPROM.o
 .debug_macro   0x000132c1       0x58 Src/FlashPROM.o
 .debug_macro   0x00013319       0x1f Src/FlashPROM.o
 .debug_macro   0x00013338       0x43 Src/FlashPROM.o
 .debug_macro   0x0001337b       0x20 Src/FlashPROM.o
 .debug_macro   0x0001339b      0x187 Src/FlashPROM.o
 .debug_macro   0x00013522      0x32a Src/FlashPROM.o
 .debug_macro   0x0001384c       0x10 Src/FlashPROM.o
 .debug_macro   0x0001385c       0x35 Src/FlashPROM.o
 .debug_macro   0x00013891       0x16 Src/FlashPROM.o
 .debug_macro   0x000138a7       0x16 Src/FlashPROM.o
 .debug_macro   0x000138bd       0x29 Src/FlashPROM.o
 .debug_macro   0x000138e6       0x28 Src/FlashPROM.o
 .debug_macro   0x0001390e       0x58 Src/FlashPROM.o
 .debug_macro   0x00013966       0x1c Src/FlashPROM.o
 .debug_macro   0x00013982       0x10 Src/FlashPROM.o
 .debug_macro   0x00013992       0x10 Src/FlashPROM.o
 .debug_macro   0x000139a2       0x1c Src/FlashPROM.o
 .debug_macro   0x000139be       0x52 Src/FlashPROM.o
 .debug_macro   0x00013a10       0x40 Src/FlashPROM.o
 .debug_macro   0x00013a50       0x10 Src/FlashPROM.o
 .debug_macro   0x00013a60       0x40 Src/FlashPROM.o
 .debug_macro   0x00013aa0       0xd7 Src/FlashPROM.o
 .debug_macro   0x00013b77       0x16 Src/FlashPROM.o
 .debug_macro   0x00013b8d      0x18b Src/FlashPROM.o
 .debug_macro   0x00013d18       0x2e Src/FlashPROM.o
 .debug_macro   0x00013d46      0x299 Src/ds18b20.o
 .debug_macro   0x00013fdf      0x3f9 Src/main.o
 .debug_macro   0x000143d8      0x1e1 Src/main.o
 .debug_macro   0x000145b9      0x2d8 Src/ssd1306.o
 .debug_macro   0x00014891       0x52 Src/ssd1306.o
 .debug_macro   0x000148e3       0x8d Src/ssd1306.o
 .debug_macro   0x00014970       0x57 Src/ssd1306.o
 .debug_macro   0x000149c7       0x6d Src/ssd1306_fonts.o
 .debug_macro   0x00014a34      0x2d2 Src/stm32f1xx_hal_msp.o
 .debug_macro   0x00014d06      0x2dc Src/stm32f1xx_it.o
 .debug_macro   0x00014fe2      0x236 Src/syscalls.o
 .debug_macro   0x00015218       0x10 Src/syscalls.o
 .debug_macro   0x00015228       0x10 Src/syscalls.o
 .debug_macro   0x00015238       0x10 Src/syscalls.o
 .debug_macro   0x00015248       0x35 Src/syscalls.o
 .debug_macro   0x0001527d      0x122 Src/syscalls.o
 .debug_macro   0x0001539f       0x10 Src/syscalls.o
 .debug_macro   0x000153af      0x241 Src/syscalls.o
 .debug_macro   0x000155f0       0x10 Src/syscalls.o
 .debug_macro   0x00015600      0x159 Src/syscalls.o
 .debug_macro   0x00015759       0x16 Src/syscalls.o
 .debug_macro   0x0001576f       0x88 Src/syscalls.o
 .debug_macro   0x000157f7      0x1a9 Src/system_stm32f1xx.o

.debug_line     0x00000000     0xadf4
 .debug_line    0x00000000      0x84a Drivers/STM32F1xx_HAL_Driver/Src/stm32f1xx_hal.o
 .debug_line    0x0000084a      0x840 Drivers/STM32F1xx_HAL_Driver/Src/stm32f1xx_hal_cortex.o
 .debug_line    0x0000108a      0x741 Drivers/STM32F1xx_HAL_Driver/Src/stm32f1xx_hal_crc.o
 .debug_line    0x000017cb      0x876 Drivers/STM32F1xx_HAL_Driver/Src/stm32f1xx_hal_flash.o
 .debug_line    0x00002041      0x8f8 Drivers/STM32F1xx_HAL_Driver/Src/stm32f1xx_hal_flash_ex.o
 .debug_line    0x00002939      0x817 Drivers/STM32F1xx_HAL_Driver/Src/stm32f1xx_hal_gpio.o
 .debug_line    0x00003150      0x7e8 Drivers/STM32F1xx_HAL_Driver/Src/stm32f1xx_hal_pwr.o
 .debug_line    0x00003938      0x944 Drivers/STM32F1xx_HAL_Driver/Src/stm32f1xx_hal_rcc.o
 .debug_line    0x0000427c      0x73d Drivers/STM32F1xx_HAL_Driver/Src/stm32f1xx_hal_rcc_ex.o
 .debug_line    0x000049b9      0xb70 Drivers/STM32F1xx_HAL_Driver/Src/stm32f1xx_hal_rtc.o
 .debug_line    0x00005529     0x108e Drivers/STM32F1xx_HAL_Driver/Src/stm32f1xx_hal_spi.o
 .debug_line    0x000065b7      0x8b9 Src/FlashPROM.o
 .debug_line    0x00006e70      0x872 Src/ds18b20.o
 .debug_line    0x000076e2      0xe8a Src/main.o
 .debug_line    0x0000856c      0x89e Src/ssd1306.o
 .debug_line    0x00008e0a      0x311 Src/ssd1306_fonts.o
 .debug_line    0x0000911b      0x7f6 Src/stm32f1xx_hal_msp.o
 .debug_line    0x00009911      0x7f6 Src/stm32f1xx_it.o
 .debug_line    0x0000a107      0x5c5 Src/syscalls.o
 .debug_line    0x0000a6cc      0x6ab Src/system_stm32f1xx.o
 .debug_line    0x0000ad77       0x7d startup/startup_stm32f103xb.o

.debug_str      0x00000000    0x6e400
 .debug_str     0x00000000    0x65887 Drivers/STM32F1xx_HAL_Driver/Src/stm32f1xx_hal.o
                              0x65bcb (size before relaxing)
 .debug_str     0x00065887      0x2e1 Drivers/STM32F1xx_HAL_Driver/Src/stm32f1xx_hal_cortex.o
                              0x65b94 (size before relaxing)
 .debug_str     0x00065b68      0x1af Drivers/STM32F1xx_HAL_Driver/Src/stm32f1xx_hal_crc.o
                              0x65669 (size before relaxing)
 .debug_str     0x00065d17      0x290 Drivers/STM32F1xx_HAL_Driver/Src/stm32f1xx_hal_flash.o
                              0x65802 (size before relaxing)
 .debug_str     0x00065fa7      0x361 Drivers/STM32F1xx_HAL_Driver/Src/stm32f1xx_hal_flash_ex.o
                              0x659b0 (size before relaxing)
 .debug_str     0x00066308      0x399 Drivers/STM32F1xx_HAL_Driver/Src/stm32f1xx_hal_gpio.o
                              0x658bf (size before relaxing)
 .debug_str     0x000666a1      0x519 Drivers/STM32F1xx_HAL_Driver/Src/stm32f1xx_hal_pwr.o
                              0x65a5e (size before relaxing)
 .debug_str     0x00066bba      0x367 Drivers/STM32F1xx_HAL_Driver/Src/stm32f1xx_hal_rcc.o
                              0x6591f (size before relaxing)
 .debug_str     0x00066f21      0x12b Drivers/STM32F1xx_HAL_Driver/Src/stm32f1xx_hal_rcc_ex.o
                              0x656a6 (size before relaxing)
 .debug_str     0x0006704c      0x48e Drivers/STM32F1xx_HAL_Driver/Src/stm32f1xx_hal_rtc.o
                              0x65a32 (size before relaxing)
 .debug_str     0x000674da      0x8a9 Drivers/STM32F1xx_HAL_Driver/Src/stm32f1xx_hal_spi.o
                              0x65e22 (size before relaxing)
 .debug_str     0x00067d83     0x42bf Src/FlashPROM.o
                              0x69ce5 (size before relaxing)
 .debug_str     0x0006c042       0xe2 Src/ds18b20.o
                              0x682d7 (size before relaxing)
 .debug_str     0x0006c124      0xfa1 Src/main.o
                              0x6b0d5 (size before relaxing)
 .debug_str     0x0006d0c5       0xe8 Src/ssd1306.o
                              0x68a3c (size before relaxing)
 .debug_str     0x0006d1ad       0x3c Src/ssd1306_fonts.o
                               0x353e (size before relaxing)
 .debug_str     0x0006d1e9       0x1b Src/stm32f1xx_hal_msp.o
                              0x68bd0 (size before relaxing)
 .debug_str     0x0006d204       0xb8 Src/stm32f1xx_it.o
                              0x68941 (size before relaxing)
 .debug_str     0x0006d2bc     0x10db Src/syscalls.o
                               0x7d5d (size before relaxing)
 .debug_str     0x0006e397       0x69 Src/system_stm32f1xx.o
                              0x65570 (size before relaxing)

.comment        0x00000000       0x7f
 .comment       0x00000000       0x7f Drivers/STM32F1xx_HAL_Driver/Src/stm32f1xx_hal.o
                                 0x80 (size before relaxing)
 .comment       0x0000007f       0x80 Drivers/STM32F1xx_HAL_Driver/Src/stm32f1xx_hal_cortex.o
 .comment       0x0000007f       0x80 Drivers/STM32F1xx_HAL_Driver/Src/stm32f1xx_hal_crc.o
 .comment       0x0000007f       0x80 Drivers/STM32F1xx_HAL_Driver/Src/stm32f1xx_hal_flash.o
 .comment       0x0000007f       0x80 Drivers/STM32F1xx_HAL_Driver/Src/stm32f1xx_hal_flash_ex.o
 .comment       0x0000007f       0x80 Drivers/STM32F1xx_HAL_Driver/Src/stm32f1xx_hal_gpio.o
 .comment       0x0000007f       0x80 Drivers/STM32F1xx_HAL_Driver/Src/stm32f1xx_hal_pwr.o
 .comment       0x0000007f       0x80 Drivers/STM32F1xx_HAL_Driver/Src/stm32f1xx_hal_rcc.o
 .comment       0x0000007f       0x80 Drivers/STM32F1xx_HAL_Driver/Src/stm32f1xx_hal_rcc_ex.o
 .comment       0x0000007f       0x80 Drivers/STM32F1xx_HAL_Driver/Src/stm32f1xx_hal_rtc.o
 .comment       0x0000007f       0x80 Drivers/STM32F1xx_HAL_Driver/Src/stm32f1xx_hal_spi.o
 .comment       0x0000007f       0x80 Src/FlashPROM.o
 .comment       0x0000007f       0x80 Src/ds18b20.o
 .comment       0x0000007f       0x80 Src/main.o
 .comment       0x0000007f       0x80 Src/ssd1306.o
 .comment       0x0000007f       0x80 Src/ssd1306_fonts.o
 .comment       0x0000007f       0x80 Src/stm32f1xx_hal_msp.o
 .comment       0x0000007f       0x80 Src/stm32f1xx_it.o
 .comment       0x0000007f       0x80 Src/syscalls.o
 .comment       0x0000007f       0x80 Src/system_stm32f1xx.o

.debug_frame    0x00000000     0x2454
 .debug_frame   0x00000000      0x1d0 Drivers/STM32F1xx_HAL_Driver/Src/stm32f1xx_hal.o
 .debug_frame   0x000001d0      0x12c Drivers/STM32F1xx_HAL_Driver/Src/stm32f1xx_hal_cortex.o
 .debug_frame   0x000002fc       0xb8 Drivers/STM32F1xx_HAL_Driver/Src/stm32f1xx_hal_crc.o
 .debug_frame   0x000003b4      0x134 Drivers/STM32F1xx_HAL_Driver/Src/stm32f1xx_hal_flash.o
 .debug_frame   0x000004e8      0x194 Drivers/STM32F1xx_HAL_Driver/Src/stm32f1xx_hal_flash_ex.o
 .debug_frame   0x0000067c       0xe4 Drivers/STM32F1xx_HAL_Driver/Src/stm32f1xx_hal_gpio.o
 .debug_frame   0x00000760      0x140 Drivers/STM32F1xx_HAL_Driver/Src/stm32f1xx_hal_pwr.o
 .debug_frame   0x000008a0      0x194 Drivers/STM32F1xx_HAL_Driver/Src/stm32f1xx_hal_rcc.o
 .debug_frame   0x00000a34       0x6c Drivers/STM32F1xx_HAL_Driver/Src/stm32f1xx_hal_rcc_ex.o
 .debug_frame   0x00000aa0      0x350 Drivers/STM32F1xx_HAL_Driver/Src/stm32f1xx_hal_rtc.o
 .debug_frame   0x00000df0      0x590 Drivers/STM32F1xx_HAL_Driver/Src/stm32f1xx_hal_spi.o
 .debug_frame   0x00001380       0x88 Src/FlashPROM.o
 .debug_frame   0x00001408      0x114 Src/ds18b20.o
 .debug_frame   0x0000151c      0x3e8 Src/main.o
 .debug_frame   0x00001904      0x118 Src/ssd1306.o
 .debug_frame   0x00001a1c       0xb4 Src/stm32f1xx_hal_msp.o
 .debug_frame   0x00001ad0       0xa8 Src/stm32f1xx_it.o
 .debug_frame   0x00001b78      0x1ac Src/syscalls.o
 .debug_frame   0x00001d24       0x30 Src/system_stm32f1xx.o
 .debug_frame   0x00001d54       0x34 c:/ac6/systemworkbench/plugins/fr.ac6.mcu.externaltools.arm-none.win32_1.15.0.201708311556/tools/compiler/bin/../lib/gcc/arm-none-eabi/6.3.1/../../../../arm-none-eabi/lib/thumb/v7-m\libm.a(lib_a-s_floor.o)
 .debug_frame   0x00001d88       0xac c:/ac6/systemworkbench/plugins/fr.ac6.mcu.externaltools.arm-none.win32_1.15.0.201708311556/tools/compiler/bin/../lib/gcc/arm-none-eabi/6.3.1/thumb/v7-m\libgcc.a(_arm_addsubdf3.o)
 .debug_frame   0x00001e34       0xc4 c:/ac6/systemworkbench/plugins/fr.ac6.mcu.externaltools.arm-none.win32_1.15.0.201708311556/tools/compiler/bin/../lib/gcc/arm-none-eabi/6.3.1/thumb/v7-m\libgcc.a(_arm_cmpdf2.o)
 .debug_frame   0x00001ef8       0x24 c:/ac6/systemworkbench/plugins/fr.ac6.mcu.externaltools.arm-none.win32_1.15.0.201708311556/tools/compiler/bin/../lib/gcc/arm-none-eabi/6.3.1/thumb/v7-m\libgcc.a(_arm_fixunsdfsi.o)
 .debug_frame   0x00001f1c       0x4c c:/ac6/systemworkbench/plugins/fr.ac6.mcu.externaltools.arm-none.win32_1.15.0.201708311556/tools/compiler/bin/../lib/gcc/arm-none-eabi/6.3.1/thumb/v7-m\libgcc.a(_arm_addsubsf3.o)
 .debug_frame   0x00001f68       0x38 c:/ac6/systemworkbench/plugins/fr.ac6.mcu.externaltools.arm-none.win32_1.15.0.201708311556/tools/compiler/bin/../lib/gcc/arm-none-eabi/6.3.1/thumb/v7-m\libgcc.a(_arm_muldivsf3.o)
 .debug_frame   0x00001fa0       0xc8 c:/ac6/systemworkbench/plugins/fr.ac6.mcu.externaltools.arm-none.win32_1.15.0.201708311556/tools/compiler/bin/../lib/gcc/arm-none-eabi/6.3.1/thumb/v7-m\libgcc.a(_arm_cmpsf2.o)
 .debug_frame   0x00002068       0x24 c:/ac6/systemworkbench/plugins/fr.ac6.mcu.externaltools.arm-none.win32_1.15.0.201708311556/tools/compiler/bin/../lib/gcc/arm-none-eabi/6.3.1/thumb/v7-m\libgcc.a(_arm_fixunssfsi.o)
 .debug_frame   0x0000208c       0x20 c:/ac6/systemworkbench/plugins/fr.ac6.mcu.externaltools.arm-none.win32_1.15.0.201708311556/tools/compiler/bin/../lib/gcc/arm-none-eabi/6.3.1/../../../../arm-none-eabi/lib/thumb/v7-m\libc_nano.a(lib_a-errno.o)
 .debug_frame   0x000020ac       0x2c c:/ac6/systemworkbench/plugins/fr.ac6.mcu.externaltools.arm-none.win32_1.15.0.201708311556/tools/compiler/bin/../lib/gcc/arm-none-eabi/6.3.1/../../../../arm-none-eabi/lib/thumb/v7-m\libc_nano.a(lib_a-init.o)
 .debug_frame   0x000020d8       0x28 c:/ac6/systemworkbench/plugins/fr.ac6.mcu.externaltools.arm-none.win32_1.15.0.201708311556/tools/compiler/bin/../lib/gcc/arm-none-eabi/6.3.1/../../../../arm-none-eabi/lib/thumb/v7-m\libc_nano.a(lib_a-memmove.o)
 .debug_frame   0x00002100       0x20 c:/ac6/systemworkbench/plugins/fr.ac6.mcu.externaltools.arm-none.win32_1.15.0.201708311556/tools/compiler/bin/../lib/gcc/arm-none-eabi/6.3.1/../../../../arm-none-eabi/lib/thumb/v7-m\libc_nano.a(lib_a-memset.o)
 .debug_frame   0x00002120       0x7c c:/ac6/systemworkbench/plugins/fr.ac6.mcu.externaltools.arm-none.win32_1.15.0.201708311556/tools/compiler/bin/../lib/gcc/arm-none-eabi/6.3.1/../../../../arm-none-eabi/lib/thumb/v7-m\libc_nano.a(lib_a-snprintf.o)
 .debug_frame   0x0000219c       0x90 c:/ac6/systemworkbench/plugins/fr.ac6.mcu.externaltools.arm-none.win32_1.15.0.201708311556/tools/compiler/bin/../lib/gcc/arm-none-eabi/6.3.1/../../../../arm-none-eabi/lib/thumb/v7-m\libc_nano.a(lib_a-nano-svfprintf.o)
 .debug_frame   0x0000222c       0x60 c:/ac6/systemworkbench/plugins/fr.ac6.mcu.externaltools.arm-none.win32_1.15.0.201708311556/tools/compiler/bin/../lib/gcc/arm-none-eabi/6.3.1/../../../../arm-none-eabi/lib/thumb/v7-m\libc_nano.a(lib_a-nano-vfprintf_i.o)
 .debug_frame   0x0000228c       0x28 c:/ac6/systemworkbench/plugins/fr.ac6.mcu.externaltools.arm-none.win32_1.15.0.201708311556/tools/compiler/bin/../lib/gcc/arm-none-eabi/6.3.1/../../../../arm-none-eabi/lib/thumb/v7-m\libc_nano.a(lib_a-memchr-stub.o)
 .debug_frame   0x000022b4       0x28 c:/ac6/systemworkbench/plugins/fr.ac6.mcu.externaltools.arm-none.win32_1.15.0.201708311556/tools/compiler/bin/../lib/gcc/arm-none-eabi/6.3.1/../../../../arm-none-eabi/lib/thumb/v7-m\libc_nano.a(lib_a-memcpy-stub.o)
 .debug_frame   0x000022dc       0x38 c:/ac6/systemworkbench/plugins/fr.ac6.mcu.externaltools.arm-none.win32_1.15.0.201708311556/tools/compiler/bin/../lib/gcc/arm-none-eabi/6.3.1/../../../../arm-none-eabi/lib/thumb/v7-m\libc_nano.a(lib_a-nano-freer.o)
 .debug_frame   0x00002314       0x2c c:/ac6/systemworkbench/plugins/fr.ac6.mcu.externaltools.arm-none.win32_1.15.0.201708311556/tools/compiler/bin/../lib/gcc/arm-none-eabi/6.3.1/../../../../arm-none-eabi/lib/thumb/v7-m\libc_nano.a(lib_a-nano-mallocr.o)
 .debug_frame   0x00002340       0x3c c:/ac6/systemworkbench/plugins/fr.ac6.mcu.externaltools.arm-none.win32_1.15.0.201708311556/tools/compiler/bin/../lib/gcc/arm-none-eabi/6.3.1/../../../../arm-none-eabi/lib/thumb/v7-m\libc_nano.a(lib_a-nano-reallocr.o)
 .debug_frame   0x0000237c       0x2c c:/ac6/systemworkbench/plugins/fr.ac6.mcu.externaltools.arm-none.win32_1.15.0.201708311556/tools/compiler/bin/../lib/gcc/arm-none-eabi/6.3.1/../../../../arm-none-eabi/lib/thumb/v7-m\libc_nano.a(lib_a-sbrkr.o)
 .debug_frame   0x000023a8       0x30 c:/ac6/systemworkbench/plugins/fr.ac6.mcu.externaltools.arm-none.win32_1.15.0.201708311556/tools/compiler/bin/../lib/gcc/arm-none-eabi/6.3.1/../../../../arm-none-eabi/lib/thumb/v7-m\libc_nano.a(lib_a-mlock.o)
 .debug_frame   0x000023d8       0x20 c:/ac6/systemworkbench/plugins/fr.ac6.mcu.externaltools.arm-none.win32_1.15.0.201708311556/tools/compiler/bin/../lib/gcc/arm-none-eabi/6.3.1/../../../../arm-none-eabi/lib/thumb/v7-m\libc_nano.a(lib_a-nano-msizer.o)
 .debug_frame   0x000023f8       0x5c c:/ac6/systemworkbench/plugins/fr.ac6.mcu.externaltools.arm-none.win32_1.15.0.201708311556/tools/compiler/bin/../lib/gcc/arm-none-eabi/6.3.1/../../../../arm-none-eabi/lib/thumb/v7-m\libc_nano.a(lib_a-reent.o)
